Archive member included to satisfy reference by file (symbol)

D:/EMBEDDED MATERIAL/STM32CubeIDE_1.12.1/STM32CubeIDE/plugins/com.st.stm32cube.ide.mcu.externaltools.gnu-tools-for-stm32.12.3.rel1.win32_1.0.200.202406191623/tools/bin/../lib/gcc/arm-none-eabi/12.3.1/../../../../arm-none-eabi/lib/thumb/v7-m/nofp\libc_nano.a(libc_a-exit.o)
                              D:/EMBEDDED MATERIAL/STM32CubeIDE_1.12.1/STM32CubeIDE/plugins/com.st.stm32cube.ide.mcu.externaltools.gnu-tools-for-stm32.12.3.rel1.win32_1.0.200.202406191623/tools/bin/../lib/gcc/arm-none-eabi/12.3.1/../../../../arm-none-eabi/lib/thumb/v7-m/nofp/crt0.o (exit)
D:/EMBEDDED MATERIAL/STM32CubeIDE_1.12.1/STM32CubeIDE/plugins/com.st.stm32cube.ide.mcu.externaltools.gnu-tools-for-stm32.12.3.rel1.win32_1.0.200.202406191623/tools/bin/../lib/gcc/arm-none-eabi/12.3.1/../../../../arm-none-eabi/lib/thumb/v7-m/nofp\libc_nano.a(libc_a-findfp.o)
                              D:/EMBEDDED MATERIAL/STM32CubeIDE_1.12.1/STM32CubeIDE/plugins/com.st.stm32cube.ide.mcu.externaltools.gnu-tools-for-stm32.12.3.rel1.win32_1.0.200.202406191623/tools/bin/../lib/gcc/arm-none-eabi/12.3.1/../../../../arm-none-eabi/lib/thumb/v7-m/nofp\libc_nano.a(libc_a-exit.o) (__stdio_exit_handler)
D:/EMBEDDED MATERIAL/STM32CubeIDE_1.12.1/STM32CubeIDE/plugins/com.st.stm32cube.ide.mcu.externaltools.gnu-tools-for-stm32.12.3.rel1.win32_1.0.200.202406191623/tools/bin/../lib/gcc/arm-none-eabi/12.3.1/../../../../arm-none-eabi/lib/thumb/v7-m/nofp\libc_nano.a(libc_a-fwalk.o)
                              D:/EMBEDDED MATERIAL/STM32CubeIDE_1.12.1/STM32CubeIDE/plugins/com.st.stm32cube.ide.mcu.externaltools.gnu-tools-for-stm32.12.3.rel1.win32_1.0.200.202406191623/tools/bin/../lib/gcc/arm-none-eabi/12.3.1/../../../../arm-none-eabi/lib/thumb/v7-m/nofp\libc_nano.a(libc_a-findfp.o) (_fwalk_sglue)
D:/EMBEDDED MATERIAL/STM32CubeIDE_1.12.1/STM32CubeIDE/plugins/com.st.stm32cube.ide.mcu.externaltools.gnu-tools-for-stm32.12.3.rel1.win32_1.0.200.202406191623/tools/bin/../lib/gcc/arm-none-eabi/12.3.1/../../../../arm-none-eabi/lib/thumb/v7-m/nofp\libc_nano.a(libc_a-sprintf.o)
                              ./Core/Src/main.o (sprintf)
D:/EMBEDDED MATERIAL/STM32CubeIDE_1.12.1/STM32CubeIDE/plugins/com.st.stm32cube.ide.mcu.externaltools.gnu-tools-for-stm32.12.3.rel1.win32_1.0.200.202406191623/tools/bin/../lib/gcc/arm-none-eabi/12.3.1/../../../../arm-none-eabi/lib/thumb/v7-m/nofp\libc_nano.a(libc_a-stdio.o)
                              D:/EMBEDDED MATERIAL/STM32CubeIDE_1.12.1/STM32CubeIDE/plugins/com.st.stm32cube.ide.mcu.externaltools.gnu-tools-for-stm32.12.3.rel1.win32_1.0.200.202406191623/tools/bin/../lib/gcc/arm-none-eabi/12.3.1/../../../../arm-none-eabi/lib/thumb/v7-m/nofp\libc_nano.a(libc_a-findfp.o) (__sread)
D:/EMBEDDED MATERIAL/STM32CubeIDE_1.12.1/STM32CubeIDE/plugins/com.st.stm32cube.ide.mcu.externaltools.gnu-tools-for-stm32.12.3.rel1.win32_1.0.200.202406191623/tools/bin/../lib/gcc/arm-none-eabi/12.3.1/../../../../arm-none-eabi/lib/thumb/v7-m/nofp\libc_nano.a(libc_a-memset.o)
                              D:/EMBEDDED MATERIAL/STM32CubeIDE_1.12.1/STM32CubeIDE/plugins/com.st.stm32cube.ide.mcu.externaltools.gnu-tools-for-stm32.12.3.rel1.win32_1.0.200.202406191623/tools/bin/../lib/gcc/arm-none-eabi/12.3.1/../../../../arm-none-eabi/lib/thumb/v7-m/nofp/crt0.o (memset)
D:/EMBEDDED MATERIAL/STM32CubeIDE_1.12.1/STM32CubeIDE/plugins/com.st.stm32cube.ide.mcu.externaltools.gnu-tools-for-stm32.12.3.rel1.win32_1.0.200.202406191623/tools/bin/../lib/gcc/arm-none-eabi/12.3.1/../../../../arm-none-eabi/lib/thumb/v7-m/nofp\libc_nano.a(libc_a-closer.o)
                              D:/EMBEDDED MATERIAL/STM32CubeIDE_1.12.1/STM32CubeIDE/plugins/com.st.stm32cube.ide.mcu.externaltools.gnu-tools-for-stm32.12.3.rel1.win32_1.0.200.202406191623/tools/bin/../lib/gcc/arm-none-eabi/12.3.1/../../../../arm-none-eabi/lib/thumb/v7-m/nofp\libc_nano.a(libc_a-stdio.o) (_close_r)
D:/EMBEDDED MATERIAL/STM32CubeIDE_1.12.1/STM32CubeIDE/plugins/com.st.stm32cube.ide.mcu.externaltools.gnu-tools-for-stm32.12.3.rel1.win32_1.0.200.202406191623/tools/bin/../lib/gcc/arm-none-eabi/12.3.1/../../../../arm-none-eabi/lib/thumb/v7-m/nofp\libc_nano.a(libc_a-reent.o)
                              D:/EMBEDDED MATERIAL/STM32CubeIDE_1.12.1/STM32CubeIDE/plugins/com.st.stm32cube.ide.mcu.externaltools.gnu-tools-for-stm32.12.3.rel1.win32_1.0.200.202406191623/tools/bin/../lib/gcc/arm-none-eabi/12.3.1/../../../../arm-none-eabi/lib/thumb/v7-m/nofp\libc_nano.a(libc_a-closer.o) (errno)
D:/EMBEDDED MATERIAL/STM32CubeIDE_1.12.1/STM32CubeIDE/plugins/com.st.stm32cube.ide.mcu.externaltools.gnu-tools-for-stm32.12.3.rel1.win32_1.0.200.202406191623/tools/bin/../lib/gcc/arm-none-eabi/12.3.1/../../../../arm-none-eabi/lib/thumb/v7-m/nofp\libc_nano.a(libc_a-impure.o)
[...]
Memory Configuration

Name             Origin             Length             Attributes
RAM              0x20000000         0x00005000         xrw
FLASH            0x08000000         0x00010000         xr
*default*        0x00000000         0xffffffff

Linker script and memory map

LOAD D:/EMBEDDED MATERIAL/STM32CubeIDE_1.12.1/STM32CubeIDE/plugins/com.st.stm32cube.ide.mcu.externaltools.gnu-tools-for-stm32.12.3.rel1.win32_1.0.200.202406191623/tools/bin/../lib/gcc/arm-none-eabi/12.3.1/thumb/v7-m/nofp/crti.o
LOAD D:/EMBEDDED MATERIAL/STM32CubeIDE_1.12.1/STM32CubeIDE/plugins/com.st.stm32cube.ide.mcu.externaltools.gnu-tools-for-stm32.12.3.rel1.win32_1.0.200.202406191623/tools/bin/../lib/gcc/arm-none-eabi/12.3.1/thumb/v7-m/nofp/crtbegin.o
LOAD D:/EMBEDDED MATERIAL/STM32CubeIDE_1.12.1/STM32CubeIDE/plugins/com.st.stm32cube.ide.mcu.externaltools.gnu-tools-for-stm32.12.3.rel1.win32_1.0.200.202406191623/tools/bin/../lib/gcc/arm-none-eabi/12.3.1/../../../../arm-none-eabi/lib/thumb/v7-m/nofp/crt0.o
LOAD ./Core/Src/Hardware_Interface.o
LOAD ./Core/Src/main.o
LOAD ./Core/Src/stm32f1xx_hal_msp.o
LOAD ./Core/Src/stm32f1xx_it.o
LOAD ./Core/Src/syscalls.o
LOAD ./Core/Src/sysmem.o
LOAD ./Core/Src/system_stm32f1xx.o
LOAD ./Core/Startup/startup_stm32f103c8tx.o
LOAD ./Drivers/ARM_Drivers/Delay_Micros/dwt_stm32_delay.o
LOAD ./Drivers/Device_Devices/ADXL_345_accelerometer/ADXL_345_accelerometer.o
LOAD ./Drivers/Device_Devices/HD44780_LCD/HD44780_LCD.o
LOAD ./Drivers/STM32F1xx_HAL_Driver/Src/stm32f1xx_hal.o
LOAD ./Drivers/STM32F1xx_HAL_Driver/Src/stm32f1xx_hal_cortex.o
LOAD ./Drivers/STM32F1xx_HAL_Driver/Src/stm32f1xx_hal_dma.o
LOAD ./Drivers/STM32F1xx_HAL_Driver/Src/stm32f1xx_hal_exti.o
LOAD ./Drivers/STM32F1xx_HAL_Driver/Src/stm32f1xx_hal_flash.o
LOAD ./Drivers/STM32F1xx_HAL_Driver/Src/stm32f1xx_hal_flash_ex.o
LOAD ./Drivers/STM32F1xx_HAL_Driver/Src/stm32f1xx_hal_gpio.o
LOAD ./Drivers/STM32F1xx_HAL_Driver/Src/stm32f1xx_hal_gpio_ex.o
LOAD ./Drivers/STM32F1xx_HAL_Driver/Src/stm32f1xx_hal_i2c.o
LOAD ./Drivers/STM32F1xx_HAL_Driver/Src/stm32f1xx_hal_pwr.o
LOAD ./Drivers/STM32F1xx_HAL_Driver/Src/stm32f1xx_hal_rcc.o
LOAD ./Drivers/STM32F1xx_HAL_Driver/Src/stm32f1xx_hal_rcc_ex.o
LOAD ./Drivers/STM32F1xx_HAL_Driver/Src/stm32f1xx_hal_tim.o
LOAD ./Drivers/STM32F1xx_HAL_Driver/Src/stm32f1xx_hal_tim_ex.o
START GROUP
LOAD D:/EMBEDDED MATERIAL/STM32CubeIDE_1.12.1/STM32CubeIDE/plugins/com.st.stm32cube.ide.mcu.externaltools.gnu-tools-for-stm32.12.3.rel1.win32_1.0.200.202406191623/tools/bin/../lib/gcc/arm-none-eabi/12.3.1/../../../../arm-none-eabi/lib/thumb/v7-m/nofp\libc_nano.a
LOAD D:/EMBEDDED MATERIAL/STM32CubeIDE_1.12.1/STM32CubeIDE/plugins/com.st.stm32cube.ide.mcu.externaltools.gnu-tools-for-stm32.12.3.rel1.win32_1.0.200.202406191623/tools/bin/../lib/gcc/arm-none-eabi/12.3.1/../../../../arm-none-eabi/lib/thumb/v7-m/nofp\libm.a
END GROUP
START GROUP
LOAD D:/EMBEDDED MATERIAL/STM32CubeIDE_1.12.1/STM32CubeIDE/plugins/com.st.stm32cube.ide.mcu.externaltools.gnu-tools-for-stm32.12.3.rel1.win32_1.0.200.202406191623/tools/bin/../lib/gcc/arm-none-eabi/12.3.1/thumb/v7-m/nofp\libgcc.a
LOAD D:/EMBEDDED MATERIAL/STM32CubeIDE_1.12.1/STM32CubeIDE/plugins/com.st.stm32cube.ide.mcu.externaltools.gnu-tools-for-stm32.12.3.rel1.win32_1.0.200.202406191623/tools/bin/../lib/gcc/arm-none-eabi/12.3.1/../../../../arm-none-eabi/lib/thumb/v7-m/nofp\libc_nano.a
END GROUP
START GROUP
LOAD D:/EMBEDDED MATERIAL/STM32CubeIDE_1.12.1/STM32CubeIDE/plugins/com.st.stm32cube.ide.mcu.externaltools.gnu-tools-for-stm32.12.3.rel1.win32_1.0.200.202406191623/tools/bin/../lib/gcc/arm-none-eabi/12.3.1/thumb/v7-m/nofp\libgcc.a
LOAD D:/EMBEDDED MATERIAL/STM32CubeIDE_1.12.1/STM32CubeIDE/plugins/com.st.stm32cube.ide.mcu.externaltools.gnu-tools-for-stm32.12.3.rel1.win32_1.0.200.202406191623/tools/bin/../lib/gcc/arm-none-eabi/12.3.1/../../../../arm-none-eabi/lib/thumb/v7-m/nofp\libc_nano.a
LOAD D:/EMBEDDED MATERIAL/STM32CubeIDE_1.12.1/STM32CubeIDE/plugins/com.st.stm32cube.ide.mcu.externaltools.gnu-tools-for-stm32.12.3.rel1.win32_1.0.200.202406191623/tools/bin/../lib/gcc/arm-none-eabi/12.3.1/../../../../arm-none-eabi/lib/thumb/v7-m/nofp\libnosys.a
END GROUP
START GROUP
LOAD D:/EMBEDDED MATERIAL/STM32CubeIDE_1.12.1/STM32CubeIDE/plugins/com.st.stm32cube.ide.mcu.externaltools.gnu-tools-for-stm32.12.3.rel1.win32_1.0.200.202406191623/tools/bin/../lib/gcc/arm-none-eabi/12.3.1/thumb/v7-m/nofp\libgcc.a
LOAD D:/EMBEDDED MATERIAL/STM32CubeIDE_1.12.1/STM32CubeIDE/plugins/com.st.stm32cube.ide.mcu.externaltools.gnu-tools-for-stm32.12.3.rel1.win32_1.0.200.202406191623/tools/bin/../lib/gcc/arm-none-eabi/12.3.1/../../../../arm-none-eabi/lib/thumb/v7-m/nofp\libc_nano.a
LOAD D:/EMBEDDED MATERIAL/STM32CubeIDE_1.12.1/STM32CubeIDE/plugins/com.st.stm32cube.ide.mcu.externaltools.gnu-tools-for-stm32.12.3.rel1.win32_1.0.200.202406191623/tools/bin/../lib/gcc/arm-none-eabi/12.3.1/../../../../arm-none-eabi/lib/thumb/v7-m/nofp\libnosys.a
END GROUP
LOAD D:/EMBEDDED MATERIAL/STM32CubeIDE_1.12.1/STM32CubeIDE/plugins/com.st.stm32cube.ide.mcu.externaltools.gnu-tools-for-stm32.12.3.rel1.win32_1.0.200.202406191623/tools/bin/../lib/gcc/arm-none-eabi/12.3.1/thumb/v7-m/nofp/crtend.o
LOAD D:/EMBEDDED MATERIAL/STM32CubeIDE_1.12.1/STM32CubeIDE/plugins/com.st.stm32cube.ide.mcu.externaltools.gnu-tools-for-stm32.12.3.rel1.win32_1.0.200.202406191623/tools/bin/../lib/gcc/arm-none-eabi/12.3.1/thumb/v7-m/nofp/crtn.o
                0x20005000                        _estack = (ORIGIN (RAM) + LENGTH (RAM))
                0x00000200                        _Min_Heap_Size = 0x200
                0x00000400                        _Min_Stack_Size = 0x400

.isr_vector     0x08000000      0x10c
                0x08000000                        . = ALIGN (0x4)
 *(.isr_vector)
 .isr_vector    0x08000000      0x10c ./Core/Startup/startup_stm32f103c8tx.o
                0x08000000                g_pfnVectors
                0x0800010c                        . = ALIGN (0x4)

.text           0x0800010c     0x32a4
                0x0800010c                        . = ALIGN (0x4)
 *(.text)
 .text          0x0800010c       0x40 D:/EMBEDDED MATERIAL/STM32CubeIDE_1.12.1/STM32CubeIDE/plugins/com.st.stm32cube.ide.mcu.externaltools.gnu-tools-for-stm32.12.3.rel1.win32_1.0.200.202406191623/tools/bin/../lib/gcc/arm-none-eabi/12.3.1/thumb/v7-m/nofp/crtbegin.o
 *(.text*)
 .text.Read_Hw_Data
                0x0800014c       0x44 ./Core/Src/Hardware_Interface.o
                0x0800014c                Read_Hw_Data
 .text.Write_HW_config
                0x08000190       0x44 ./Core/Src/Hardware_Interface.o
                0x08000190                Write_HW_config
 .text.main     0x080001d4       0xc4 ./Core/Src/main.o
                0x080001d4                main
 .text.SystemClock_Config
                0x08000298       0x8a ./Core/Src/main.o
                0x08000298                SystemClock_Config
 *fill*         0x08000322        0x2 
 .text.MX_I2C1_Init
                0x08000324       0x5c ./Core/Src/main.o
 .text.MX_GPIO_Init
                0x08000380       0x5c ./Core/Src/main.o
 .text.Error_Handler
                0x080003dc        0xc ./Core/Src/main.o
                0x080003dc                Error_Handler
 .text.HAL_MspInit
                0x080003e8       0x64 ./Core/Src/stm32f1xx_hal_msp.o
                0x080003e8                HAL_MspInit
 .text.HAL_I2C_MspInit
                0x0800044c       0x7c ./Core/Src/stm32f1xx_hal_msp.o
                0x0800044c                HAL_I2C_MspInit
 .text.NMI_Handler
                0x080004c8        0x8 ./Core/Src/stm32f1xx_it.o
                0x080004c8                NMI_Handler
 .text.HardFault_Handler
                0x080004d0        0x8 ./Core/Src/stm32f1xx_it.o
                0x080004d0                HardFault_Handler
 .text.MemManage_Handler
                0x080004d8        0x8 ./Core/Src/stm32f1xx_it.o
                0x080004d8                MemManage_Handler
 .text.BusFault_Handler
                0x080004e0        0x8 ./Core/Src/stm32f1xx_it.o
                0x080004e0                BusFault_Handler
 .text.UsageFault_Handler
                0x080004e8        0x8 ./Core/Src/stm32f1xx_it.o
                0x080004e8                UsageFault_Handler
 .text.SVC_Handler
                0x080004f0        0xc ./Core/Src/stm32f1xx_it.o
                0x080004f0                SVC_Handler
 .text.DebugMon_Handler
                0x080004fc        0xc ./Core/Src/stm32f1xx_it.o
                0x080004fc                DebugMon_Handler
 .text.PendSV_Handler
                0x08000508        0xc ./Core/Src/stm32f1xx_it.o
                0x08000508                PendSV_Handler
 .text.SysTick_Handler
                0x08000514        0xc ./Core/Src/stm32f1xx_it.o
                0x08000514                SysTick_Handler
 .text._sbrk    0x08000520       0x6c ./Core/Src/sysmem.o
                0x08000520                _sbrk
 .text.SystemInit
                0x0800058c        0xc ./Core/Src/system_stm32f1xx.o
                0x0800058c                SystemInit
 .text.Reset_Handler
                0x08000598       0x48 ./Core/Startup/startup_stm32f103c8tx.o
                0x08000598                Reset_Handler
 .text.Default_Handler
                0x080005e0        0x2 ./Core/Startup/startup_stm32f103c8tx.o
                0x080005e0                RTC_Alarm_IRQHandler
                0x080005e0                EXTI2_IRQHandler
                0x080005e0                TIM1_CC_IRQHandler
                0x080005e0                PVD_IRQHandler
                0x080005e0                EXTI3_IRQHandler
                0x080005e0                EXTI0_IRQHandler
                0x080005e0                I2C2_EV_IRQHandler
                0x080005e0                ADC1_2_IRQHandler
                0x080005e0                SPI1_IRQHandler
                0x080005e0                TAMPER_IRQHandler
                0x080005e0                DMA1_Channel4_IRQHandler
                0x080005e0                USART3_IRQHandler
                0x080005e0                RTC_IRQHandler
                0x080005e0                DMA1_Channel7_IRQHandler
                0x080005e0                CAN1_RX1_IRQHandler
                0x080005e0                TIM4_IRQHandler
                0x080005e0                I2C1_EV_IRQHandler
                0x080005e0                DMA1_Channel6_IRQHandler
                0x080005e0                TIM3_IRQHandler
                0x080005e0                RCC_IRQHandler
                0x080005e0                TIM1_TRG_COM_IRQHandler
                0x080005e0                DMA1_Channel1_IRQHandler
                0x080005e0                Default_Handler
                0x080005e0                EXTI15_10_IRQHandler
                0x080005e0                EXTI9_5_IRQHandler
                0x080005e0                SPI2_IRQHandler
                0x080005e0                DMA1_Channel5_IRQHandler
                0x080005e0                EXTI4_IRQHandler
                0x080005e0                USB_LP_CAN1_RX0_IRQHandler
                0x080005e0                USB_HP_CAN1_TX_IRQHandler
                0x080005e0                DMA1_Channel3_IRQHandler
                0x080005e0                TIM1_UP_IRQHandler
                0x080005e0                WWDG_IRQHandler
                0x080005e0                TIM2_IRQHandler
                0x080005e0                TIM1_BRK_IRQHandler
                0x080005e0                EXTI1_IRQHandler
                0x080005e0                USART2_IRQHandler
                0x080005e0                I2C2_ER_IRQHandler
                0x080005e0                DMA1_Channel2_IRQHandler
                0x080005e0                CAN1_SCE_IRQHandler
                0x080005e0                FLASH_IRQHandler
                0x080005e0                USART1_IRQHandler
                0x080005e0                I2C1_ER_IRQHandler
                0x080005e0                USBWakeUp_IRQHandler
 *fill*         0x080005e2        0x2 
 .text.DWT_Delay_Init
                0x080005e4       0x60 ./Drivers/ARM_Drivers/Delay_Micros/dwt_stm32_delay.o
                0x080005e4                DWT_Delay_Init
 .text.ADXL345_Init
                0x08000644       0x78 ./Drivers/Device_Devices/ADXL_345_accelerometer/ADXL_345_accelerometer.o
                0x08000644                ADXL345_Init
 .text.ADXL345_WriteConfig
                0x080006bc       0x74 ./Drivers/Device_Devices/ADXL_345_accelerometer/ADXL_345_accelerometer.o
                0x080006bc                ADXL345_WriteConfig
 .text.ADXL345_ReadData
                0x08000730       0x76 ./Drivers/Device_Devices/ADXL_345_accelerometer/ADXL_345_accelerometer.o
                0x08000730                ADXL345_ReadData
 *fill*         0x080007a6        0x2 
 .text.DWT_Delay_us
                0x080007a8       0x48 ./Drivers/Device_Devices/HD44780_LCD/HD44780_LCD.o
 .text.usDelay  0x080007f0       0x1a ./Drivers/Device_Devices/HD44780_LCD/HD44780_LCD.o
 .text.Write_HalfByte
                0x0800080a       0x4a ./Drivers/Device_Devices/HD44780_LCD/HD44780_LCD.o
 .text.RS_SET   0x08000854       0x24 ./Drivers/Device_Devices/HD44780_LCD/HD44780_LCD.o
 .text.EN_SET   0x08000878       0x24 ./Drivers/Device_Devices/HD44780_LCD/HD44780_LCD.o
 .text.Alcd_Init_GPIO
                0x0800089c       0x6e ./Drivers/Device_Devices/HD44780_LCD/HD44780_LCD.o
 .text.Alcd_SendByte
                0x0800090a       0x72 ./Drivers/Device_Devices/HD44780_LCD/HD44780_LCD.o
 .text.Alcd_Init
                0x0800097c       0xfe ./Drivers/Device_Devices/HD44780_LCD/HD44780_LCD.o
                0x0800097c                Alcd_Init
 .text.Alcd_CursorAt
                0x08000a7a       0x3a ./Drivers/Device_Devices/HD44780_LCD/HD44780_LCD.o
                0x08000a7a                Alcd_CursorAt
 .text.Alcd_Put_n
                0x08000ab4       0x3e ./Drivers/Device_Devices/HD44780_LCD/HD44780_LCD.o
                0x08000ab4                Alcd_Put_n
 .text.Alcd_PutAt_n
                0x08000af2       0x32 ./Drivers/Device_Devices/HD44780_LCD/HD44780_LCD.o
                0x08000af2                Alcd_PutAt_n
 .text.Alcd_Clear
                0x08000b24       0x22 ./Drivers/Device_Devices/HD44780_LCD/HD44780_LCD.o
                0x08000b24                Alcd_Clear
 .text.Alcd_Display_Control
                0x08000b46       0x86 ./Drivers/Device_Devices/HD44780_LCD/HD44780_LCD.o
                0x08000b46                Alcd_Display_Control
 .text.HAL_Init
                0x08000bcc       0x2c ./Drivers/STM32F1xx_HAL_Driver/Src/stm32f1xx_hal.o
                0x08000bcc                HAL_Init
 .text.HAL_InitTick
                0x08000bf8       0x60 ./Drivers/STM32F1xx_HAL_Driver/Src/stm32f1xx_hal.o
                0x08000bf8                HAL_InitTick
 .text.HAL_IncTick
                0x08000c58       0x24 ./Drivers/STM32F1xx_HAL_Driver/Src/stm32f1xx_hal.o
                0x08000c58                HAL_IncTick
 .text.HAL_GetTick
                0x08000c7c       0x14 ./Drivers/STM32F1xx_HAL_Driver/Src/stm32f1xx_hal.o
                0x08000c7c                HAL_GetTick
 .text.HAL_Delay
                0x08000c90       0x48 ./Drivers/STM32F1xx_HAL_Driver/Src/stm32f1xx_hal.o
                0x08000c90                HAL_Delay
 .text.__NVIC_SetPriorityGrouping
                0x08000cd8       0x48 ./Drivers/STM32F1xx_HAL_Driver/Src/stm32f1xx_hal_cortex.o
 .text.__NVIC_GetPriorityGrouping
                0x08000d20       0x1c ./Drivers/STM32F1xx_HAL_Driver/Src/stm32f1xx_hal_cortex.o
 .text.__NVIC_SetPriority
                0x08000d3c       0x54 ./Drivers/STM32F1xx_HAL_Driver/Src/stm32f1xx_hal_cortex.o
 .text.NVIC_EncodePriority
                0x08000d90       0x64 ./Drivers/STM32F1xx_HAL_Driver/Src/stm32f1xx_hal_cortex.o
 .text.SysTick_Config
                0x08000df4       0x44 ./Drivers/STM32F1xx_HAL_Driver/Src/stm32f1xx_hal_cortex.o
 .text.HAL_NVIC_SetPriorityGrouping
                0x08000e38       0x16 ./Drivers/STM32F1xx_HAL_Driver/Src/stm32f1xx_hal_cortex.o
                0x08000e38                HAL_NVIC_SetPriorityGrouping
 .text.HAL_NVIC_SetPriority
                0x08000e4e       0x38 ./Drivers/STM32F1xx_HAL_Driver/Src/stm32f1xx_hal_cortex.o
                0x08000e4e                HAL_NVIC_SetPriority
 .text.HAL_SYSTICK_Config
                0x08000e86       0x18 ./Drivers/STM32F1xx_HAL_Driver/Src/stm32f1xx_hal_cortex.o
                0x08000e86                HAL_SYSTICK_Config
 *fill*         0x08000e9e        0x2 
 .text.HAL_GPIO_Init
                0x08000ea0      0x308 ./Drivers/STM32F1xx_HAL_Driver/Src/stm32f1xx_hal_gpio.o
                0x08000ea0                HAL_GPIO_Init
 .text.HAL_GPIO_WritePin
                0x080011a8       0x30 ./Drivers/STM32F1xx_HAL_Driver/Src/stm32f1xx_hal_gpio.o
                0x080011a8                HAL_GPIO_WritePin
 .text.HAL_I2C_Init
                0x080011d8      0x288 ./Drivers/STM32F1xx_HAL_Driver/Src/stm32f1xx_hal_i2c.o
                0x080011d8                HAL_I2C_Init
 .text.HAL_I2C_Master_Transmit
                0x08001460      0x1fc ./Drivers/STM32F1xx_HAL_Driver/Src/stm32f1xx_hal_i2c.o
                0x08001460                HAL_I2C_Master_Transmit
 .text.HAL_I2C_Master_Receive
                0x0800165c      0x4d8 ./Drivers/STM32F1xx_HAL_Driver/Src/stm32f1xx_hal_i2c.o
                0x0800165c                HAL_I2C_Master_Receive
 .text.I2C_MasterRequestWrite
                0x08001b34      0x104 ./Drivers/STM32F1xx_HAL_Driver/Src/stm32f1xx_hal_i2c.o
 .text.I2C_MasterRequestRead
                0x08001c38      0x19c ./Drivers/STM32F1xx_HAL_Driver/Src/stm32f1xx_hal_i2c.o
 .text.I2C_WaitOnFlagUntilTimeout
                0x08001dd4       0xf4 ./Drivers/STM32F1xx_HAL_Driver/Src/stm32f1xx_hal_i2c.o
 .text.I2C_WaitOnMasterAddressFlagUntilTimeout
                0x08001ec8      0x140 ./Drivers/STM32F1xx_HAL_Driver/Src/stm32f1xx_hal_i2c.o
 .text.I2C_WaitOnTXEFlagUntilTimeout
                0x08002008       0x90 ./Drivers/STM32F1xx_HAL_Driver/Src/stm32f1xx_hal_i2c.o
 .text.I2C_WaitOnBTFFlagUntilTimeout
                0x08002098       0x90 ./Drivers/STM32F1xx_HAL_Driver/Src/stm32f1xx_hal_i2c.o
 .text.I2C_WaitOnRXNEFlagUntilTimeout
                0x08002128       0xba ./Drivers/STM32F1xx_HAL_Driver/Src/stm32f1xx_hal_i2c.o
 .text.I2C_IsAcknowledgeFailed
                0x080021e2       0x5c ./Drivers/STM32F1xx_HAL_Driver/Src/stm32f1xx_hal_i2c.o
 *fill*         0x0800223e        0x2 
 .text.HAL_RCC_OscConfig
                0x08002240      0x504 ./Drivers/STM32F1xx_HAL_Driver/Src/stm32f1xx_hal_rcc.o
                0x08002240                HAL_RCC_OscConfig
 .text.HAL_RCC_ClockConfig
                0x08002744      0x1d4 ./Drivers/STM32F1xx_HAL_Driver/Src/stm32f1xx_hal_rcc.o
                0x08002744                HAL_RCC_ClockConfig
 .text.HAL_RCC_GetSysClockFreq
                0x08002918       0xa8 ./Drivers/STM32F1xx_HAL_Driver/Src/stm32f1xx_hal_rcc.o
                0x08002918                HAL_RCC_GetSysClockFreq
 .text.HAL_RCC_GetHCLKFreq
                0x080029c0       0x14 ./Drivers/STM32F1xx_HAL_Driver/Src/stm32f1xx_hal_rcc.o
                0x080029c0                HAL_RCC_GetHCLKFreq
 .text.HAL_RCC_GetPCLK1Freq
                0x080029d4       0x28 ./Drivers/STM32F1xx_HAL_Driver/Src/stm32f1xx_hal_rcc.o
                0x080029d4                HAL_RCC_GetPCLK1Freq
 .text.RCC_Delay
                0x080029fc       0x3c ./Drivers/STM32F1xx_HAL_Driver/Src/stm32f1xx_hal_rcc.o
 .text.sprintf  0x08002a38       0x40 D:/EMBEDDED MATERIAL/STM32CubeIDE_1.12.1/STM32CubeIDE/plugins/com.st.stm32cube.ide.mcu.externaltools.gnu-tools-for-stm32.12.3.rel1.win32_1.0.200.202406191623/tools/bin/../lib/gcc/arm-none-eabi/12.3.1/../../../../arm-none-eabi/lib/thumb/v7-m/nofp\libc_nano.a(libc_a-sprintf.o)
                0x08002a38                siprintf
                0x08002a38                sprintf
 .text.memset   0x08002a78       0x10 D:/EMBEDDED MATERIAL/STM32CubeIDE_1.12.1/STM32CubeIDE/plugins/com.st.stm32cube.ide.mcu.externaltools.gnu-tools-for-stm32.12.3.rel1.win32_1.0.200.202406191623/tools/bin/../lib/gcc/arm-none-eabi/12.3.1/../../../../arm-none-eabi/lib/thumb/v7-m/nofp\libc_nano.a(libc_a-memset.o)
                0x08002a78                memset
 .text.__errno  0x08002a88        0xc D:/EMBEDDED MATERIAL/STM32CubeIDE_1.12.1/STM32CubeIDE/plugins/com.st.stm32cube.ide.mcu.externaltools.gnu-tools-for-stm32.12.3.rel1.win32_1.0.200.202406191623/tools/bin/../lib/gcc/arm-none-eabi/12.3.1/../../../../arm-none-eabi/lib/thumb/v7-m/nofp\libc_nano.a(libc_a-errno.o)
                0x08002a88                __errno
 .text.__libc_init_array
                0x08002a94       0x48 D:/EMBEDDED MATERIAL/STM32CubeIDE_1.12.1/STM32CubeIDE/plugins/com.st.stm32cube.ide.mcu.externaltools.gnu-tools-for-stm32.12.3.rel1.win32_1.0.200.202406191623/tools/bin/../lib/gcc/arm-none-eabi/12.3.1/../../../../arm-none-eabi/lib/thumb/v7-m/nofp\libc_nano.a(libc_a-init.o)
                0x08002a94                __libc_init_array
 .text.__retarget_lock_acquire_recursive
                0x08002adc        0x2 D:/EMBEDDED MATERIAL/STM32CubeIDE_1.12.1/STM32CubeIDE/plugins/com.st.stm32cube.ide.mcu.externaltools.gnu-tools-for-stm32.12.3.rel1.win32_1.0.200.202406191623/tools/bin/../lib/gcc/arm-none-eabi/12.3.1/../../../../arm-none-eabi/lib/thumb/v7-m/nofp\libc_nano.a(libc_a-lock.o)
                0x08002adc                __retarget_lock_acquire_recursive
 .text.__retarget_lock_release_recursive
                0x08002ade        0x2 D:/EMBEDDED MATERIAL/STM32CubeIDE_1.12.1/STM32CubeIDE/plugins/com.st.stm32cube.ide.mcu.externaltools.gnu-tools-for-stm32.12.3.rel1.win32_1.0.200.202406191623/tools/bin/../lib/gcc/arm-none-eabi/12.3.1/../../../../arm-none-eabi/lib/thumb/v7-m/nofp\libc_nano.a(libc_a-lock.o)
                0x08002ade                __retarget_lock_release_recursive
 .text._free_r  0x08002ae0       0x90 D:/EMBEDDED MATERIAL/STM32CubeIDE_1.12.1/STM32CubeIDE/plugins/com.st.stm32cube.ide.mcu.externaltools.gnu-tools-for-stm32.12.3.rel1.win32_1.0.200.202406191623/tools/bin/../lib/gcc/arm-none-eabi/12.3.1/../../../../arm-none-eabi/lib/thumb/v7-m/nofp\libc_nano.a(libc_a-freer.o)
                0x08002ae0                _free_r
 .text.sbrk_aligned
                0x08002b70       0x44 D:/EMBEDDED MATERIAL/STM32CubeIDE_1.12.1/STM32CubeIDE/plugins/com.st.stm32cube.ide.mcu.externaltools.gnu-tools-for-stm32.12.3.rel1.win32_1.0.200.202406191623/tools/bin/../lib/gcc/arm-none-eabi/12.3.1/../../../../arm-none-eabi/lib/thumb/v7-m/nofp\libc_nano.a(libc_a-mallocr.o)
 .text._malloc_r
                0x08002bb4      0x100 D:/EMBEDDED MATERIAL/STM32CubeIDE_1.12.1/STM32CubeIDE/plugins/com.st.stm32cube.ide.mcu.externaltools.gnu-tools-for-stm32.12.3.rel1.win32_1.0.200.202406191623/tools/bin/../lib/gcc/arm-none-eabi/12.3.1/../../../../arm-none-eabi/lib/thumb/v7-m/nofp\libc_nano.a(libc_a-mallocr.o)
                0x08002bb4                _malloc_r
 .text.__malloc_lock
                0x08002cb4        0xc D:/EMBEDDED MATERIAL/STM32CubeIDE_1.12.1/STM32CubeIDE/plugins/com.st.stm32cube.ide.mcu.externaltools.gnu-tools-for-stm32.12.3.rel1.win32_1.0.200.202406191623/tools/bin/../lib/gcc/arm-none-eabi/12.3.1/../../../../arm-none-eabi/lib/thumb/v7-m/nofp\libc_nano.a(libc_a-mlock.o)
                0x08002cb4                __malloc_lock
 .text.__malloc_unlock
                0x08002cc0        0xc D:/EMBEDDED MATERIAL/STM32CubeIDE_1.12.1/STM32CubeIDE/plugins/com.st.stm32cube.ide.mcu.externaltools.gnu-tools-for-stm32.12.3.rel1.win32_1.0.200.202406191623/tools/bin/../lib/gcc/arm-none-eabi/12.3.1/../../../../arm-none-eabi/lib/thumb/v7-m/nofp\libc_nano.a(libc_a-mlock.o)
                0x08002cc0                __malloc_unlock
 .text.__ssputs_r
                0x08002ccc       0xb6 D:/EMBEDDED MATERIAL/STM32CubeIDE_1.12.1/STM32CubeIDE/plugins/com.st.stm32cube.ide.mcu.externaltools.gnu-tools-for-stm32.12.3.rel1.win32_1.0.200.202406191623/tools/bin/../lib/gcc/arm-none-eabi/12.3.1/../../../../arm-none-eabi/lib/thumb/v7-m/nofp\libc_nano.a(libc_a-nano-svfprintf.o)
                0x08002ccc                __ssputs_r
 *fill*         0x08002d82        0x2 
 .text._svfprintf_r
                0x08002d84      0x1f8 D:/EMBEDDED MATERIAL/STM32CubeIDE_1.12.1/STM32CubeIDE/plugins/com.st.stm32cube.ide.mcu.externaltools.gnu-tools-for-stm32.12.3.rel1.win32_1.0.200.202406191623/tools/bin/../lib/gcc/arm-none-eabi/12.3.1/../../../../arm-none-eabi/lib/thumb/v7-m/nofp\libc_nano.a(libc_a-nano-svfprintf.o)
                0x08002d84                _svfiprintf_r
                0x08002d84                _svfprintf_r
 .text._printf_common
                0x08002f7c       0xe4 D:/EMBEDDED MATERIAL/STM32CubeIDE_1.12.1/STM32CubeIDE/plugins/com.st.stm32cube.ide.mcu.externaltools.gnu-tools-for-stm32.12.3.rel1.win32_1.0.200.202406191623/tools/bin/../lib/gcc/arm-none-eabi/12.3.1/../../../../arm-none-eabi/lib/thumb/v7-m/nofp\libc_nano.a(libc_a-nano-vfprintf_i.o)
                0x08002f7c                _printf_common
 .text._printf_i
                0x08003060      0x240 D:/EMBEDDED MATERIAL/STM32CubeIDE_1.12.1/STM32CubeIDE/plugins/com.st.stm32cube.ide.mcu.externaltools.gnu-tools-for-stm32.12.3.rel1.win32_1.0.200.202406191623/tools/bin/../lib/gcc/arm-none-eabi/12.3.1/../../../../arm-none-eabi/lib/thumb/v7-m/nofp\libc_nano.a(libc_a-nano-vfprintf_i.o)
                0x08003060                _printf_i
 .text.memmove  0x080032a0       0x34 D:/EMBEDDED MATERIAL/STM32CubeIDE_1.12.1/STM32CubeIDE/plugins/com.st.stm32cube.ide.mcu.externaltools.gnu-tools-for-stm32.12.3.rel1.win32_1.0.200.202406191623/tools/bin/../lib/gcc/arm-none-eabi/12.3.1/../../../../arm-none-eabi/lib/thumb/v7-m/nofp\libc_nano.a(libc_a-memmove.o)
                0x080032a0                memmove
 .text._sbrk_r  0x080032d4       0x20 D:/EMBEDDED MATERIAL/STM32CubeIDE_1.12.1/STM32CubeIDE/plugins/com.st.stm32cube.ide.mcu.externaltools.gnu-tools-for-stm32.12.3.rel1.win32_1.0.200.202406191623/tools/bin/../lib/gcc/arm-none-eabi/12.3.1/../../../../arm-none-eabi/lib/thumb/v7-m/nofp\libc_nano.a(libc_a-sbrkr.o)
                0x080032d4                _sbrk_r
 .text.memchr   0x080032f4       0x1c D:/EMBEDDED MATERIAL/STM32CubeIDE_1.12.1/STM32CubeIDE/plugins/com.st.stm32cube.ide.mcu.externaltools.gnu-tools-for-stm32.12.3.rel1.win32_1.0.200.202406191623/tools/bin/../lib/gcc/arm-none-eabi/12.3.1/../../../../arm-none-eabi/lib/thumb/v7-m/nofp\libc_nano.a(libc_a-memchr-stub.o)
                0x080032f4                memchr
 .text.memcpy   0x08003310       0x1c D:/EMBEDDED MATERIAL/STM32CubeIDE_1.12.1/STM32CubeIDE/plugins/com.st.stm32cube.ide.mcu.externaltools.gnu-tools-for-stm32.12.3.rel1.win32_1.0.200.202406191623/tools/bin/../lib/gcc/arm-none-eabi/12.3.1/../../../../arm-none-eabi/lib/thumb/v7-m/nofp\libc_nano.a(libc_a-memcpy-stub.o)
                0x08003310                memcpy
 .text._realloc_r
                0x0800332c       0x5c D:/EMBEDDED MATERIAL/STM32CubeIDE_1.12.1/STM32CubeIDE/plugins/com.st.stm32cube.ide.mcu.externaltools.gnu-tools-for-stm32.12.3.rel1.win32_1.0.200.202406191623/tools/bin/../lib/gcc/arm-none-eabi/12.3.1/../../../../arm-none-eabi/lib/thumb/v7-m/nofp\libc_nano.a(libc_a-reallocr.o)
                0x0800332c                _realloc_r
 .text._malloc_usable_size_r
                0x08003388       0x10 D:/EMBEDDED MATERIAL/STM32CubeIDE_1.12.1/STM32CubeIDE/plugins/com.st.stm32cube.ide.mcu.externaltools.gnu-tools-for-stm32.12.3.rel1.win32_1.0.200.202406191623/tools/bin/../lib/gcc/arm-none-eabi/12.3.1/../../../../arm-none-eabi/lib/thumb/v7-m/nofp\libc_nano.a(libc_a-msizer.o)
                0x08003388                _malloc_usable_size_r
 *(.glue_7)
 .glue_7        0x08003398        0x0 linker stubs
 *(.glue_7t)
 .glue_7t       0x08003398        0x0 linker stubs
 *(.eh_frame)
 .eh_frame      0x08003398        0x0 D:/EMBEDDED MATERIAL/STM32CubeIDE_1.12.1/STM32CubeIDE/plugins/com.st.stm32cube.ide.mcu.externaltools.gnu-tools-for-stm32.12.3.rel1.win32_1.0.200.202406191623/tools/bin/../lib/gcc/arm-none-eabi/12.3.1/thumb/v7-m/nofp/crtbegin.o
 *(.init)
 .init          0x08003398        0x4 D:/EMBEDDED MATERIAL/STM32CubeIDE_1.12.1/STM32CubeIDE/plugins/com.st.stm32cube.ide.mcu.externaltools.gnu-tools-for-stm32.12.3.rel1.win32_1.0.200.202406191623/tools/bin/../lib/gcc/arm-none-eabi/12.3.1/thumb/v7-m/nofp/crti.o
                0x08003398                _init
 .init          0x0800339c        0x8 D:/EMBEDDED MATERIAL/STM32CubeIDE_1.12.1/STM32CubeIDE/plugins/com.st.stm32cube.ide.mcu.externaltools.gnu-tools-for-stm32.12.3.rel1.win32_1.0.200.202406191623/tools/bin/../lib/gcc/arm-none-eabi/12.3.1/thumb/v7-m/nofp/crtn.o
 *(.fini)
 .fini          0x080033a4        0x4 D:/EMBEDDED MATERIAL/STM32CubeIDE_1.12.1/STM32CubeIDE/plugins/com.st.stm32cube.ide.mcu.externaltools.gnu-tools-for-stm32.12.3.rel1.win32_1.0.200.202406191623/tools/bin/../lib/gcc/arm-none-eabi/12.3.1/thumb/v7-m/nofp/crti.o
                0x080033a4                _fini
 .fini          0x080033a8        0x8 D:/EMBEDDED MATERIAL/STM32CubeIDE_1.12.1/STM32CubeIDE/plugins/com.st.stm32cube.ide.mcu.externaltools.gnu-tools-for-stm32.12.3.rel1.win32_1.0.200.202406191623/tools/bin/../lib/gcc/arm-none-eabi/12.3.1/thumb/v7-m/nofp/crtn.o
                0x080033b0                        . = ALIGN (0x4)
                0x080033b0                        _etext = .

.vfp11_veneer   0x080033b0        0x0
 .vfp11_veneer  0x080033b0        0x0 linker stubs

.v4_bx          0x080033b0        0x0
 .v4_bx         0x080033b0        0x0 linker stubs

.iplt           0x080033b0        0x0
 .iplt          0x080033b0        0x0 D:/EMBEDDED MATERIAL/STM32CubeIDE_1.12.1/STM32CubeIDE/plugins/com.st.stm32cube.ide.mcu.externaltools.gnu-tools-for-stm32.12.3.rel1.win32_1.0.200.202406191623/tools/bin/../lib/gcc/arm-none-eabi/12.3.1/thumb/v7-m/nofp/crtbegin.o

.rodata         0x080033b0       0x78
                0x080033b0                        . = ALIGN (0x4)
 *(.rodata)
 .rodata        0x080033b0       0x16 ./Core/Src/main.o
 *(.rodata*)
 *fill*         0x080033c6        0x2 
 .rodata.AHBPrescTable
                0x080033c8       0x10 ./Core/Src/system_stm32f1xx.o
                0x080033c8                AHBPrescTable
 .rodata.APBPrescTable
                0x080033d8        0x8 ./Core/Src/system_stm32f1xx.o
                0x080033d8                APBPrescTable
 .rodata.aPLLMULFactorTable.1
                0x080033e0       0x10 ./Drivers/STM32F1xx_HAL_Driver/Src/stm32f1xx_hal_rcc.o
 .rodata.aPredivFactorTable.0
                0x080033f0        0x2 ./Drivers/STM32F1xx_HAL_Driver/Src/stm32f1xx_hal_rcc.o
 .rodata._svfprintf_r.str1.1
                0x080033f2       0x11 D:/EMBEDDED MATERIAL/STM32CubeIDE_1.12.1/STM32CubeIDE/plugins/com.st.stm32cube.ide.mcu.externaltools.gnu-tools-for-stm32.12.3.rel1.win32_1.0.200.202406191623/tools/bin/../lib/gcc/arm-none-eabi/12.3.1/../../../../arm-none-eabi/lib/thumb/v7-m/nofp\libc_nano.a(libc_a-nano-svfprintf.o)
 .rodata._printf_i.str1.1
                0x08003403       0x22 D:/EMBEDDED MATERIAL/STM32CubeIDE_1.12.1/STM32CubeIDE/plugins/com.st.stm32cube.ide.mcu.externaltools.gnu-tools-for-stm32.12.3.rel1.win32_1.0.200.202406191623/tools/bin/../lib/gcc/arm-none-eabi/12.3.1/../../../../arm-none-eabi/lib/thumb/v7-m/nofp\libc_nano.a(libc_a-nano-vfprintf_i.o)
                0x08003428                        . = ALIGN (0x4)
 *fill*         0x08003425        0x3 

.ARM.extab      0x08003428        0x0
                0x08003428                        . = ALIGN (0x4)
 *(.ARM.extab* .gnu.linkonce.armextab.*)
                0x08003428                        . = ALIGN (0x4)

.ARM            0x08003428        0x0
                0x08003428                        . = ALIGN (0x4)
                0x08003428                        __exidx_start = .
 *(.ARM.exidx*)
                0x08003428                        __exidx_end = .
                0x08003428                        . = ALIGN (0x4)

.preinit_array  0x08003428        0x0
                0x08003428                        . = ALIGN (0x4)
                0x08003428                        PROVIDE (__preinit_array_start = .)
 *(.preinit_array*)
                0x08003428                        PROVIDE (__preinit_array_end = .)
                0x08003428                        . = ALIGN (0x4)

.init_array     0x08003428        0x4
                0x08003428                        . = ALIGN (0x4)
                0x08003428                        PROVIDE (__init_array_start = .)
 *(SORT_BY_NAME(.init_array.*))
 *(.init_array*)
 .init_array    0x08003428        0x4 D:/EMBEDDED MATERIAL/STM32CubeIDE_1.12.1/STM32CubeIDE/plugins/com.st.stm32cube.ide.mcu.externaltools.gnu-tools-for-stm32.12.3.rel1.win32_1.0.200.202406191623/tools/bin/../lib/gcc/arm-none-eabi/12.3.1/thumb/v7-m/nofp/crtbegin.o
                0x0800342c                        PROVIDE (__init_array_end = .)
                0x0800342c                        . = ALIGN (0x4)

.fini_array     0x0800342c        0x4
                0x0800342c                        . = ALIGN (0x4)
                [!provide]                        PROVIDE (__fini_array_start = .)
 *(SORT_BY_NAME(.fini_array.*))
 *(.fini_array*)
 .fini_array    0x0800342c        0x4 D:/EMBEDDED MATERIAL/STM32CubeIDE_1.12.1/STM32CubeIDE/plugins/com.st.stm32cube.ide.mcu.externaltools.gnu-tools-for-stm32.12.3.rel1.win32_1.0.200.202406191623/tools/bin/../lib/gcc/arm-none-eabi/12.3.1/thumb/v7-m/nofp/crtbegin.o
                [!provide]                        PROVIDE (__fini_array_end = .)
                0x08003430                        . = ALIGN (0x4)
                0x08003430                        _sidata = LOADADDR (.data)

.rel.dyn        0x08003430        0x0
 .rel.iplt      0x08003430        0x0 D:/EMBEDDED MATERIAL/STM32CubeIDE_1.12.1/STM32CubeIDE/plugins/com.st.stm32cube.ide.mcu.externaltools.gnu-tools-for-stm32.12.3.rel1.win32_1.0.200.202406191623/tools/bin/../lib/gcc/arm-none-eabi/12.3.1/thumb/v7-m/nofp/crtbegin.o

.data           0x20000000       0x94 load address 0x08003430
                0x20000000                        . = ALIGN (0x4)
                0x20000000                        _sdata = .
 *(.data)
 *(.data*)
 .data.config   0x20000000       0x18 ./Core/Src/main.o
                0x20000000                config
 .data.lcd      0x20000018       0x20 ./Core/Src/main.o
                0x20000018                lcd
 .data.SystemCoreClock
                0x20000038        0x4 ./Core/Src/system_stm32f1xx.o
                0x20000038                SystemCoreClock
 .data.uwTickPrio
                0x2000003c        0x4 ./Drivers/STM32F1xx_HAL_Driver/Src/stm32f1xx_hal.o
                0x2000003c                uwTickPrio
 .data.uwTickFreq
                0x20000040        0x1 ./Drivers/STM32F1xx_HAL_Driver/Src/stm32f1xx_hal.o
                0x20000040                uwTickFreq
 *fill*         0x20000041        0x3 
 .data._impure_ptr
                0x20000044        0x4 D:/EMBEDDED MATERIAL/STM32CubeIDE_1.12.1/STM32CubeIDE/plugins/com.st.stm32cube.ide.mcu.externaltools.gnu-tools-for-stm32.12.3.rel1.win32_1.0.200.202406191623/tools/bin/../lib/gcc/arm-none-eabi/12.3.1/../../../../arm-none-eabi/lib/thumb/v7-m/nofp\libc_nano.a(libc_a-impure.o)
                0x20000044                _impure_ptr
 .data._impure_data
                0x20000048       0x4c D:/EMBEDDED MATERIAL/STM32CubeIDE_1.12.1/STM32CubeIDE/plugins/com.st.stm32cube.ide.mcu.externaltools.gnu-tools-for-stm32.12.3.rel1.win32_1.0.200.202406191623/tools/bin/../lib/gcc/arm-none-eabi/12.3.1/../../../../arm-none-eabi/lib/thumb/v7-m/nofp\libc_nano.a(libc_a-impure.o)
                0x20000048                _impure_data
 *(.RamFunc)
 *(.RamFunc*)
                0x20000094                        . = ALIGN (0x4)
                0x20000094                        _edata = .

.igot.plt       0x20000094        0x0 load address 0x080034c4
 .igot.plt      0x20000094        0x0 D:/EMBEDDED MATERIAL/STM32CubeIDE_1.12.1/STM32CubeIDE/plugins/com.st.stm32cube.ide.mcu.externaltools.gnu-tools-for-stm32.12.3.rel1.win32_1.0.200.202406191623/tools/bin/../lib/gcc/arm-none-eabi/12.3.1/thumb/v7-m/nofp/crtbegin.o
                0x20000094                        . = ALIGN (0x4)

.bss            0x20000094      0x1dc load address 0x080034c4
                0x20000094                        _sbss = .
                0x20000094                        __bss_start__ = _sbss
 *(.bss)
 .bss           0x20000094       0x1c D:/EMBEDDED MATERIAL/STM32CubeIDE_1.12.1/STM32CubeIDE/plugins/com.st.stm32cube.ide.mcu.externaltools.gnu-tools-for-stm32.12.3.rel1.win32_1.0.200.202406191623/tools/bin/../lib/gcc/arm-none-eabi/12.3.1/thumb/v7-m/nofp/crtbegin.o
 *(.bss*)
 .bss.hi2c1     0x200000b0       0x54 ./Core/Src/main.o
                0x200000b0                hi2c1
 .bss.str       0x20000104       0x14 ./Core/Src/main.o
                0x20000104                str
 .bss.x         0x20000118        0x2 ./Core/Src/main.o
                0x20000118                x
 .bss.y         0x2000011a        0x2 ./Core/Src/main.o
                0x2000011a                y
 .bss.z         0x2000011c        0x2 ./Core/Src/main.o
                0x2000011c                z
 *fill*         0x2000011e        0x2 
 .bss.__sbrk_heap_end
                0x20000120        0x4 ./Core/Src/sysmem.o
 .bss.uwTick    0x20000124        0x4 ./Drivers/STM32F1xx_HAL_Driver/Src/stm32f1xx_hal.o
                0x20000124                uwTick
 .bss.__sf      0x20000128      0x138 D:/EMBEDDED MATERIAL/STM32CubeIDE_1.12.1/STM32CubeIDE/plugins/com.st.stm32cube.ide.mcu.externaltools.gnu-tools-for-stm32.12.3.rel1.win32_1.0.200.202406191623/tools/bin/../lib/gcc/arm-none-eabi/12.3.1/../../../../arm-none-eabi/lib/thumb/v7-m/nofp\libc_nano.a(libc_a-findfp.o)
                0x20000128                __sf
 .bss.errno     0x20000260        0x4 D:/EMBEDDED MATERIAL/STM32CubeIDE_1.12.1/STM32CubeIDE/plugins/com.st.stm32cube.ide.mcu.externaltools.gnu-tools-for-stm32.12.3.rel1.win32_1.0.200.202406191623/tools/bin/../lib/gcc/arm-none-eabi/12.3.1/../../../../arm-none-eabi/lib/thumb/v7-m/nofp\libc_nano.a(libc_a-reent.o)
                0x20000260                errno
 .bss.__lock___malloc_recursive_mutex
                0x20000264        0x1 D:/EMBEDDED MATERIAL/STM32CubeIDE_1.12.1/STM32CubeIDE/plugins/com.st.stm32cube.ide.mcu.externaltools.gnu-tools-for-stm32.12.3.rel1.win32_1.0.200.202406191623/tools/bin/../lib/gcc/arm-none-eabi/12.3.1/../../../../arm-none-eabi/lib/thumb/v7-m/nofp\libc_nano.a(libc_a-lock.o)
                0x20000264                __lock___malloc_recursive_mutex
 *fill*         0x20000265        0x3 
 .bss.__malloc_sbrk_start
                0x20000268        0x4 D:/EMBEDDED MATERIAL/STM32CubeIDE_1.12.1/STM32CubeIDE/plugins/com.st.stm32cube.ide.mcu.externaltools.gnu-tools-for-stm32.12.3.rel1.win32_1.0.200.202406191623/tools/bin/../lib/gcc/arm-none-eabi/12.3.1/../../../../arm-none-eabi/lib/thumb/v7-m/nofp\libc_nano.a(libc_a-mallocr.o)
                0x20000268                __malloc_sbrk_start
 .bss.__malloc_free_list
                0x2000026c        0x4 D:/EMBEDDED MATERIAL/STM32CubeIDE_1.12.1/STM32CubeIDE/plugins/com.st.stm32cube.ide.mcu.externaltools.gnu-tools-for-stm32.12.3.rel1.win32_1.0.200.202406191623/tools/bin/../lib/gcc/arm-none-eabi/12.3.1/../../../../arm-none-eabi/lib/thumb/v7-m/nofp\libc_nano.a(libc_a-mallocr.o)
                0x2000026c                __malloc_free_list
 *(COMMON)
                0x20000270                        . = ALIGN (0x4)
                0x20000270                        _ebss = .
                0x20000270                        __bss_end__ = _ebss

._user_heap_stack
                0x20000270      0x600 load address 0x080034c4
                0x20000270                        . = ALIGN (0x8)
                [!provide]                        PROVIDE (end = .)
                0x20000270                        PROVIDE (_end = .)
                0x20000470                        . = (. + _Min_Heap_Size)
 *fill*         0x20000270      0x200 
                0x20000870                        . = (. + _Min_Stack_Size)
 *fill*         0x20000470      0x400 
                0x20000870                        . = ALIGN (0x8)

/DISCARD/
 libc.a(*)
 libm.a(*)
 libgcc.a(*)

.ARM.attributes
                0x00000000       0x29
 *(.ARM.attributes)
 .ARM.attributes
                0x00000000       0x1d D:/EMBEDDED MATERIAL/STM32CubeIDE_1.12.1/STM32CubeIDE/plugins/com.st.stm32cube.ide.mcu.externaltools.gnu-tools-for-stm32.12.3.rel1.win32_1.0.200.202406191623/tools/bin/../lib/gcc/arm-none-eabi/12.3.1/thumb/v7-m/nofp/crti.o
 .ARM.attributes
                0x0000001d       0x2d D:/EMBEDDED MATERIAL/STM32CubeIDE_1.12.1/STM32CubeIDE/plugins/com.st.stm32cube.ide.mcu.externaltools.gnu-tools-for-stm32.12.3.rel1.win32_1.0.200.202406191623/tools/bin/../lib/gcc/arm-none-eabi/12.3.1/thumb/v7-m/nofp/crtbegin.o
 .ARM.attributes
                0x0000004a       0x2d ./Core/Src/Hardware_Interface.o
 .ARM.attributes
                0x00000077       0x2d ./Core/Src/main.o
 .ARM.attributes
                0x000000a4       0x2d ./Core/Src/stm32f1xx_hal_msp.o
 .ARM.attributes
                0x000000d1       0x2d ./Core/Src/stm32f1xx_it.o
 .ARM.attributes
                0x000000fe       0x2d ./Core/Src/sysmem.o
 .ARM.attributes
                0x0000012b       0x2d ./Core/Src/system_stm32f1xx.o
 .ARM.attributes
                0x00000158       0x21 ./Core/Startup/startup_stm32f103c8tx.o
 .ARM.attributes
                0x00000179       0x2d ./Drivers/ARM_Drivers/Delay_Micros/dwt_stm32_delay.o
 .ARM.attributes
                0x000001a6       0x2d ./Drivers/Device_Devices/ADXL_345_accelerometer/ADXL_345_accelerometer.o
 .ARM.attributes
                0x000001d3       0x2d ./Drivers/Device_Devices/HD44780_LCD/HD44780_LCD.o
 .ARM.attributes
                0x00000200       0x2d ./Drivers/STM32F1xx_HAL_Driver/Src/stm32f1xx_hal.o
 .ARM.attributes
                0x0000022d       0x2d ./Drivers/STM32F1xx_HAL_Driver/Src/stm32f1xx_hal_cortex.o
 .ARM.attributes
                0x0000025a       0x2d ./Drivers/STM32F1xx_HAL_Driver/Src/stm32f1xx_hal_gpio.o
 .ARM.attributes
                0x00000287       0x2d ./Drivers/STM32F1xx_HAL_Driver/Src/stm32f1xx_hal_i2c.o
 .ARM.attributes
                0x000002b4       0x2d ./Drivers/STM32F1xx_HAL_Driver/Src/stm32f1xx_hal_rcc.o
 .ARM.attributes
                0x000002e1       0x2d D:/EMBEDDED MATERIAL/STM32CubeIDE_1.12.1/STM32CubeIDE/plugins/com.st.stm32cube.ide.mcu.externaltools.gnu-tools-for-stm32.12.3.rel1.win32_1.0.200.202406191623/tools/bin/../lib/gcc/arm-none-eabi/12.3.1/../../../../arm-none-eabi/lib/thumb/v7-m/nofp\libc_nano.a(libc_a-findfp.o)
 .ARM.attributes
                0x0000030e       0x2d D:/EMBEDDED MATERIAL/STM32CubeIDE_1.12.1/STM32CubeIDE/plugins/com.st.stm32cube.ide.mcu.externaltools.gnu-tools-for-stm32.12.3.rel1.win32_1.0.200.202406191623/tools/bin/../lib/gcc/arm-none-eabi/12.3.1/../../../../arm-none-eabi/lib/thumb/v7-m/nofp\libc_nano.a(libc_a-sprintf.o)
 .ARM.attributes
                0x0000033b       0x2d D:/EMBEDDED MATERIAL/STM32CubeIDE_1.12.1/STM32CubeIDE/plugins/com.st.stm32cube.ide.mcu.externaltools.gnu-tools-for-stm32.12.3.rel1.win32_1.0.200.202406191623/tools/bin/../lib/gcc/arm-none-eabi/12.3.1/../../../../arm-none-eabi/lib/thumb/v7-m/nofp\libc_nano.a(libc_a-memset.o)
 .ARM.attributes
                0x00000368       0x2d D:/EMBEDDED MATERIAL/STM32CubeIDE_1.12.1/STM32CubeIDE/plugins/com.st.stm32cube.ide.mcu.externaltools.gnu-tools-for-stm32.12.3.rel1.win32_1.0.200.202406191623/tools/bin/../lib/gcc/arm-none-eabi/12.3.1/../../../../arm-none-eabi/lib/thumb/v7-m/nofp\libc_nano.a(libc_a-reent.o)
 .ARM.attributes
                0x00000395       0x2d D:/EMBEDDED MATERIAL/STM32CubeIDE_1.12.1/STM32CubeIDE/plugins/com.st.stm32cube.ide.mcu.externaltools.gnu-tools-for-stm32.12.3.rel1.win32_1.0.200.202406191623/tools/bin/../lib/gcc/arm-none-eabi/12.3.1/../../../../arm-none-eabi/lib/thumb/v7-m/nofp\libc_nano.a(libc_a-impure.o)
 .ARM.attributes
                0x000003c2       0x2d D:/EMBEDDED MATERIAL/STM32CubeIDE_1.12.1/STM32CubeIDE/plugins/com.st.stm32cube.ide.mcu.externaltools.gnu-tools-for-stm32.12.3.rel1.win32_1.0.200.202406191623/tools/bin/../lib/gcc/arm-none-eabi/12.3.1/../../../../arm-none-eabi/lib/thumb/v7-m/nofp\libc_nano.a(libc_a-errno.o)
 .ARM.attributes
                0x000003ef       0x2d D:/EMBEDDED MATERIAL/STM32CubeIDE_1.12.1/STM32CubeIDE/plugins/com.st.stm32cube.ide.mcu.externaltools.gnu-tools-for-stm32.12.3.rel1.win32_1.0.200.202406191623/tools/bin/../lib/gcc/arm-none-eabi/12.3.1/../../../../arm-none-eabi/lib/thumb/v7-m/nofp\libc_nano.a(libc_a-init.o)
 .ARM.attributes
                0x0000041c       0x2d D:/EMBEDDED MATERIAL/STM32CubeIDE_1.12.1/STM32CubeIDE/plugins/com.st.stm32cube.ide.mcu.externaltools.gnu-tools-for-stm32.12.3.rel1.win32_1.0.200.202406191623/tools/bin/../lib/gcc/arm-none-eabi/12.3.1/../../../../arm-none-eabi/lib/thumb/v7-m/nofp\libc_nano.a(libc_a-lock.o)
 .ARM.attributes
                0x00000449       0x2d D:/EMBEDDED MATERIAL/STM32CubeIDE_1.12.1/STM32CubeIDE/plugins/com.st.stm32cube.ide.mcu.externaltools.gnu-tools-for-stm32.12.3.rel1.win32_1.0.200.202406191623/tools/bin/../lib/gcc/arm-none-eabi/12.3.1/../../../../arm-none-eabi/lib/thumb/v7-m/nofp\libc_nano.a(libc_a-freer.o)
 .ARM.attributes
                0x00000476       0x2d D:/EMBEDDED MATERIAL/STM32CubeIDE_1.12.1/STM32CubeIDE/plugins/com.st.stm32cube.ide.mcu.externaltools.gnu-tools-for-stm32.12.3.rel1.win32_1.0.200.202406191623/tools/bin/../lib/gcc/arm-none-eabi/12.3.1/../../../../arm-none-eabi/lib/thumb/v7-m/nofp\libc_nano.a(libc_a-mallocr.o)
 .ARM.attributes
                0x000004a3       0x2d D:/EMBEDDED MATERIAL/STM32CubeIDE_1.12.1/STM32CubeIDE/plugins/com.st.stm32cube.ide.mcu.externaltools.gnu-tools-for-stm32.12.3.rel1.win32_1.0.200.202406191623/tools/bin/../lib/gcc/arm-none-eabi/12.3.1/../../../../arm-none-eabi/lib/thumb/v7-m/nofp\libc_nano.a(libc_a-mlock.o)
 .ARM.attributes
                0x000004d0       0x2d D:/EMBEDDED MATERIAL/STM32CubeIDE_1.12.1/STM32CubeIDE/plugins/com.st.stm32cube.ide.mcu.externaltools.gnu-tools-for-stm32.12.3.rel1.win32_1.0.200.202406191623/tools/bin/../lib/gcc/arm-none-eabi/12.3.1/../../../../arm-none-eabi/lib/thumb/v7-m/nofp\libc_nano.a(libc_a-nano-svfprintf.o)
 .ARM.attributes
                0x000004fd       0x2d D:/EMBEDDED MATERIAL/STM32CubeIDE_1.12.1/STM32CubeIDE/plugins/com.st.stm32cube.ide.mcu.externaltools.gnu-tools-for-stm32.12.3.rel1.win32_1.0.200.202406191623/tools/bin/../lib/gcc/arm-none-eabi/12.3.1/../../../../arm-none-eabi/lib/thumb/v7-m/nofp\libc_nano.a(libc_a-nano-vfprintf_i.o)
 .ARM.attributes
                0x0000052a       0x2d D:/EMBEDDED MATERIAL/STM32CubeIDE_1.12.1/STM32CubeIDE/plugins/com.st.stm32cube.ide.mcu.externaltools.gnu-tools-for-stm32.12.3.rel1.win32_1.0.200.202406191623/tools/bin/../lib/gcc/arm-none-eabi/12.3.1/../../../../arm-none-eabi/lib/thumb/v7-m/nofp\libc_nano.a(libc_a-memmove.o)
 .ARM.attributes
                0x00000557       0x2d D:/EMBEDDED MATERIAL/STM32CubeIDE_1.12.1/STM32CubeIDE/plugins/com.st.stm32cube.ide.mcu.externaltools.gnu-tools-for-stm32.12.3.rel1.win32_1.0.200.202406191623/tools/bin/../lib/gcc/arm-none-eabi/12.3.1/../../../../arm-none-eabi/lib/thumb/v7-m/nofp\libc_nano.a(libc_a-sbrkr.o)
 .ARM.attributes
                0x00000584       0x2d D:/EMBEDDED MATERIAL/STM32CubeIDE_1.12.1/STM32CubeIDE/plugins/com.st.stm32cube.ide.mcu.externaltools.gnu-tools-for-stm32.12.3.rel1.win32_1.0.200.202406191623/tools/bin/../lib/gcc/arm-none-eabi/12.3.1/../../../../arm-none-eabi/lib/thumb/v7-m/nofp\libc_nano.a(libc_a-memchr-stub.o)
 .ARM.attributes
                0x000005b1       0x2d D:/EMBEDDED MATERIAL/STM32CubeIDE_1.12.1/STM32CubeIDE/plugins/com.st.stm32cube.ide.mcu.externaltools.gnu-tools-for-stm32.12.3.rel1.win32_1.0.200.202406191623/tools/bin/../lib/gcc/arm-none-eabi/12.3.1/../../../../arm-none-eabi/lib/thumb/v7-m/nofp\libc_nano.a(libc_a-memcpy-stub.o)
 .ARM.attributes
                0x000005de       0x2d D:/EMBEDDED MATERIAL/STM32CubeIDE_1.12.1/STM32CubeIDE/plugins/com.st.stm32cube.ide.mcu.externaltools.gnu-tools-for-stm32.12.3.rel1.win32_1.0.200.202406191623/tools/bin/../lib/gcc/arm-none-eabi/12.3.1/../../../../arm-none-eabi/lib/thumb/v7-m/nofp\libc_nano.a(libc_a-reallocr.o)
 .ARM.attributes
                0x0000060b       0x2d D:/EMBEDDED MATERIAL/STM32CubeIDE_1.12.1/STM32CubeIDE/plugins/com.st.stm32cube.ide.mcu.externaltools.gnu-tools-for-stm32.12.3.rel1.win32_1.0.200.202406191623/tools/bin/../lib/gcc/arm-none-eabi/12.3.1/../../../../arm-none-eabi/lib/thumb/v7-m/nofp\libc_nano.a(libc_a-msizer.o)
 .ARM.attributes
                0x00000638       0x1d D:/EMBEDDED MATERIAL/STM32CubeIDE_1.12.1/STM32CubeIDE/plugins/com.st.stm32cube.ide.mcu.externaltools.gnu-tools-for-stm32.12.3.rel1.win32_1.0.200.202406191623/tools/bin/../lib/gcc/arm-none-eabi/12.3.1/thumb/v7-m/nofp/crtn.o
OUTPUT(ADXL 345 accelerometer.elf elf32-littlearm)
LOAD linker stubs
LOAD D:/EMBEDDED MATERIAL/STM32CubeIDE_1.12.1/STM32CubeIDE/plugins/com.st.stm32cube.ide.mcu.externaltools.gnu-tools-for-stm32.12.3.rel1.win32_1.0.200.202406191623/tools/bin/../lib/gcc/arm-none-eabi/12.3.1/../../../../arm-none-eabi/lib/thumb/v7-m/nofp\libc.a
LOAD D:/EMBEDDED MATERIAL/STM32CubeIDE_1.12.1/STM32CubeIDE/plugins/com.st.stm32cube.ide.mcu.externaltools.gnu-tools-for-stm32.12.3.rel1.win32_1.0.200.202406191623/tools/bin/../lib/gcc/arm-none-eabi/12.3.1/../../../../arm-none-eabi/lib/thumb/v7-m/nofp\libm.a
LOAD D:/EMBEDDED MATERIAL/STM32CubeIDE_1.12.1/STM32CubeIDE/plugins/com.st.stm32cube.ide.mcu.externaltools.gnu-tools-for-stm32.12.3.rel1.win32_1.0.200.202406191623/tools/bin/../lib/gcc/arm-none-eabi/12.3.1/thumb/v7-m/nofp\libgcc.a

.debug_info     0x00000000     0x7214
 .debug_info    0x00000000      0x69c ./Core/Src/Hardware_Interface.o
 .debug_info    0x0000069c      0xd5b ./Core/Src/main.o
 .debug_info    0x000013f7      0x845 ./Core/Src/stm32f1xx_hal_msp.o
 .debug_info    0x00001c3c      0x113 ./Core/Src/stm32f1xx_it.o
 .debug_info    0x00001d4f      0x168 ./Core/Src/sysmem.o
 .debug_info    0x00001eb7      0x222 ./Core/Src/system_stm32f1xx.o
 .debug_info    0x000020d9       0x30 ./Core/Startup/startup_stm32f103c8tx.o
 .debug_info    0x00002109      0x22c ./Drivers/ARM_Drivers/Delay_Micros/dwt_stm32_delay.o
 .debug_info    0x00002335      0x29e ./Drivers/Device_Devices/ADXL_345_accelerometer/ADXL_345_accelerometer.o
 .debug_info    0x000025d3      0x812 ./Drivers/Device_Devices/HD44780_LCD/HD44780_LCD.o
 .debug_info    0x00002de5      0x704 ./Drivers/STM32F1xx_HAL_Driver/Src/stm32f1xx_hal.o
 .debug_info    0x000034e9      0xa87 ./Drivers/STM32F1xx_HAL_Driver/Src/stm32f1xx_hal_cortex.o
 .debug_info    0x00003f70      0x5ab ./Drivers/STM32F1xx_HAL_Driver/Src/stm32f1xx_hal_gpio.o
 .debug_info    0x0000451b     0x2524 ./Drivers/STM32F1xx_HAL_Driver/Src/stm32f1xx_hal_i2c.o
 .debug_info    0x00006a3f      0x7d5 ./Drivers/STM32F1xx_HAL_Driver/Src/stm32f1xx_hal_rcc.o

.debug_abbrev   0x00000000     0x18b7
 .debug_abbrev  0x00000000      0x197 ./Core/Src/Hardware_Interface.o
 .debug_abbrev  0x00000197      0x2bf ./Core/Src/main.o
 .debug_abbrev  0x00000456      0x1a3 ./Core/Src/stm32f1xx_hal_msp.o
 .debug_abbrev  0x000005f9       0x73 ./Core/Src/stm32f1xx_it.o
 .debug_abbrev  0x0000066c       0xbc ./Core/Src/sysmem.o
 .debug_abbrev  0x00000728      0x13f ./Core/Src/system_stm32f1xx.o
 .debug_abbrev  0x00000867       0x24 ./Core/Startup/startup_stm32f103c8tx.o
 .debug_abbrev  0x0000088b       0xab ./Drivers/ARM_Drivers/Delay_Micros/dwt_stm32_delay.o
 .debug_abbrev  0x00000936      0x147 ./Drivers/Device_Devices/ADXL_345_accelerometer/ADXL_345_accelerometer.o
 .debug_abbrev  0x00000a7d      0x221 ./Drivers/Device_Devices/HD44780_LCD/HD44780_LCD.o
 .debug_abbrev  0x00000c9e      0x201 ./Drivers/STM32F1xx_HAL_Driver/Src/stm32f1xx_hal.o
 .debug_abbrev  0x00000e9f      0x2f8 ./Drivers/STM32F1xx_HAL_Driver/Src/stm32f1xx_hal_cortex.o
 .debug_abbrev  0x00001197      0x1ca ./Drivers/STM32F1xx_HAL_Driver/Src/stm32f1xx_hal_gpio.o
 .debug_abbrev  0x00001361      0x2a3 ./Drivers/STM32F1xx_HAL_Driver/Src/stm32f1xx_hal_i2c.o
 .debug_abbrev  0x00001604      0x2b3 ./Drivers/STM32F1xx_HAL_Driver/Src/stm32f1xx_hal_rcc.o

.debug_aranges  0x00000000      0x7c8
 .debug_aranges
                0x00000000       0x28 ./Core/Src/Hardware_Interface.o
 .debug_aranges
                0x00000028       0x40 ./Core/Src/main.o
 .debug_aranges
                0x00000068       0x30 ./Core/Src/stm32f1xx_hal_msp.o
 .debug_aranges
                0x00000098       0x60 ./Core/Src/stm32f1xx_it.o
 .debug_aranges
                0x000000f8       0x20 ./Core/Src/sysmem.o
 .debug_aranges
                0x00000118       0x28 ./Core/Src/system_stm32f1xx.o
 .debug_aranges
                0x00000140       0x28 ./Core/Startup/startup_stm32f103c8tx.o
 .debug_aranges
                0x00000168       0x20 ./Drivers/ARM_Drivers/Delay_Micros/dwt_stm32_delay.o
 .debug_aranges
                0x00000188       0x30 ./Drivers/Device_Devices/ADXL_345_accelerometer/ADXL_345_accelerometer.o
 .debug_aranges
                0x000001b8       0xa0 ./Drivers/Device_Devices/HD44780_LCD/HD44780_LCD.o
 .debug_aranges
                0x00000258       0xe0 ./Drivers/STM32F1xx_HAL_Driver/Src/stm32f1xx_hal.o
 .debug_aranges
                0x00000338      0x100 ./Drivers/STM32F1xx_HAL_Driver/Src/stm32f1xx_hal_cortex.o
 .debug_aranges
                0x00000438       0x58 ./Drivers/STM32F1xx_HAL_Driver/Src/stm32f1xx_hal_gpio.o
 .debug_aranges
                0x00000490      0x2a8 ./Drivers/STM32F1xx_HAL_Driver/Src/stm32f1xx_hal_i2c.o
 .debug_aranges
                0x00000738       0x90 ./Drivers/STM32F1xx_HAL_Driver/Src/stm32f1xx_hal_rcc.o

.debug_rnglists
                0x00000000      0x5da
 .debug_rnglists
                0x00000000       0x19 ./Core/Src/Hardware_Interface.o
 .debug_rnglists
                0x00000019       0x2d ./Core/Src/main.o
 .debug_rnglists
                0x00000046       0x1f ./Core/Src/stm32f1xx_hal_msp.o
 .debug_rnglists
                0x00000065       0x43 ./Core/Src/stm32f1xx_it.o
 .debug_rnglists
                0x000000a8       0x13 ./Core/Src/sysmem.o
 .debug_rnglists
                0x000000bb       0x1a ./Core/Src/system_stm32f1xx.o
 .debug_rnglists
                0x000000d5       0x19 ./Core/Startup/startup_stm32f103c8tx.o
 .debug_rnglists
                0x000000ee       0x13 ./Drivers/ARM_Drivers/Delay_Micros/dwt_stm32_delay.o
 .debug_rnglists
                0x00000101       0x1f ./Drivers/Device_Devices/ADXL_345_accelerometer/ADXL_345_accelerometer.o
 .debug_rnglists
                0x00000120       0x75 ./Drivers/Device_Devices/HD44780_LCD/HD44780_LCD.o
 .debug_rnglists
                0x00000195       0xa3 ./Drivers/STM32F1xx_HAL_Driver/Src/stm32f1xx_hal.o
 .debug_rnglists
                0x00000238       0xbb ./Drivers/STM32F1xx_HAL_Driver/Src/stm32f1xx_hal_cortex.o
 .debug_rnglists
                0x000002f3       0x3f ./Drivers/STM32F1xx_HAL_Driver/Src/stm32f1xx_hal_gpio.o
 .debug_rnglists
                0x00000332      0x23c ./Drivers/STM32F1xx_HAL_Driver/Src/stm32f1xx_hal_i2c.o
 .debug_rnglists
                0x0000056e       0x6c ./Drivers/STM32F1xx_HAL_Driver/Src/stm32f1xx_hal_rcc.o

.debug_macro    0x00000000    0x173e3
 .debug_macro   0x00000000      0x198 ./Core/Src/Hardware_Interface.o
 .debug_macro   0x00000198      0xaa8 ./Core/Src/Hardware_Interface.o
 .debug_macro   0x00000c40      0x215 ./Core/Src/Hardware_Interface.o
 .debug_macro   0x00000e55       0x2e ./Core/Src/Hardware_Interface.o
 .debug_macro   0x00000e83       0x22 ./Core/Src/Hardware_Interface.o
 .debug_macro   0x00000ea5       0x22 ./Core/Src/Hardware_Interface.o
 .debug_macro   0x00000ec7       0x8e ./Core/Src/Hardware_Interface.o
 .debug_macro   0x00000f55       0x51 ./Core/Src/Hardware_Interface.o
 .debug_macro   0x00000fa6      0x103 ./Core/Src/Hardware_Interface.o
 .debug_macro   0x000010a9       0x6a ./Core/Src/Hardware_Interface.o
 .debug_macro   0x00001113      0x1df ./Core/Src/Hardware_Interface.o
 .debug_macro   0x000012f2       0x1c ./Core/Src/Hardware_Interface.o
 .debug_macro   0x0000130e       0x22 ./Core/Src/Hardware_Interface.o
 .debug_macro   0x00001330       0xbd ./Core/Src/Hardware_Interface.o
 .debug_macro   0x000013ed      0xd23 ./Core/Src/Hardware_Interface.o
 .debug_macro   0x00002110     0xe09e ./Core/Src/Hardware_Interface.o
 .debug_macro   0x000101ae       0x6d ./Core/Src/Hardware_Interface.o
 .debug_macro   0x0001021b     0x34a2 ./Core/Src/Hardware_Interface.o
 .debug_macro   0x000136bd      0x189 ./Core/Src/Hardware_Interface.o
 .debug_macro   0x00013846       0x5c ./Core/Src/Hardware_Interface.o
 .debug_macro   0x000138a2      0x5bc ./Core/Src/Hardware_Interface.o
 .debug_macro   0x00013e5e      0x289 ./Core/Src/Hardware_Interface.o
 .debug_macro   0x000140e7      0x1cb ./Core/Src/Hardware_Interface.o
 .debug_macro   0x000142b2      0x114 ./Core/Src/Hardware_Interface.o
 .debug_macro   0x000143c6      0x1b2 ./Core/Src/Hardware_Interface.o
 .debug_macro   0x00014578       0x27 ./Core/Src/Hardware_Interface.o
 .debug_macro   0x0001459f      0x136 ./Core/Src/Hardware_Interface.o
 .debug_macro   0x000146d5      0x1bc ./Core/Src/Hardware_Interface.o
 .debug_macro   0x00014891       0x34 ./Core/Src/Hardware_Interface.o
 .debug_macro   0x000148c5       0x3c ./Core/Src/Hardware_Interface.o
 .debug_macro   0x00014901       0x57 ./Core/Src/Hardware_Interface.o
 .debug_macro   0x00014958       0x87 ./Core/Src/Hardware_Interface.o
 .debug_macro   0x000149df      0x240 ./Core/Src/Hardware_Interface.o
 .debug_macro   0x00014c1f      0x287 ./Core/Src/Hardware_Interface.o
 .debug_macro   0x00014ea6      0x140 ./Core/Src/Hardware_Interface.o
 .debug_macro   0x00014fe6       0x83 ./Core/Src/Hardware_Interface.o
 .debug_macro   0x00015069      0x2c0 ./Core/Src/main.o
 .debug_macro   0x00015329       0x2e ./Core/Src/main.o
 .debug_macro   0x00015357       0x24 ./Core/Src/main.o
 .debug_macro   0x0001537b       0x61 ./Core/Src/main.o
 .debug_macro   0x000153dc       0x43 ./Core/Src/main.o
 .debug_macro   0x0001541f       0x34 ./Core/Src/main.o
 .debug_macro   0x00015453       0x16 ./Core/Src/main.o
 .debug_macro   0x00015469       0x35 ./Core/Src/main.o
 .debug_macro   0x0001549e       0x16 ./Core/Src/main.o
 .debug_macro   0x000154b4       0x43 ./Core/Src/main.o
 .debug_macro   0x000154f7       0x34 ./Core/Src/main.o
 .debug_macro   0x0001552b       0x10 ./Core/Src/main.o
 .debug_macro   0x0001553b       0x58 ./Core/Src/main.o
 .debug_macro   0x00015593       0x8e ./Core/Src/main.o
 .debug_macro   0x00015621       0x1c ./Core/Src/main.o
 .debug_macro   0x0001563d      0x177 ./Core/Src/main.o
 .debug_macro   0x000157b4      0x369 ./Core/Src/main.o
 .debug_macro   0x00015b1d       0x16 ./Core/Src/main.o
 .debug_macro   0x00015b33       0x29 ./Core/Src/main.o
 .debug_macro   0x00015b5c       0x16 ./Core/Src/main.o
 .debug_macro   0x00015b72       0x20 ./Core/Src/main.o
 .debug_macro   0x00015b92       0x28 ./Core/Src/main.o
 .debug_macro   0x00015bba      0x198 ./Core/Src/stm32f1xx_hal_msp.o
 .debug_macro   0x00015d52      0x1a2 ./Core/Src/stm32f1xx_it.o
 .debug_macro   0x00015ef4       0xff ./Core/Src/sysmem.o
 .debug_macro   0x00015ff3      0x23c ./Core/Src/sysmem.o
 .debug_macro   0x0001622f      0x18e ./Core/Src/system_stm32f1xx.o
 .debug_macro   0x000163bd      0x198 ./Drivers/ARM_Drivers/Delay_Micros/dwt_stm32_delay.o
 .debug_macro   0x00016555       0x72 ./Drivers/Device_Devices/ADXL_345_accelerometer/ADXL_345_accelerometer.o
 .debug_macro   0x000165c7       0x28 ./Drivers/Device_Devices/ADXL_345_accelerometer/ADXL_345_accelerometer.o
 .debug_macro   0x000165ef      0x339 ./Drivers/Device_Devices/HD44780_LCD/HD44780_LCD.o
 .debug_macro   0x00016928      0x11c ./Drivers/Device_Devices/HD44780_LCD/HD44780_LCD.o
 .debug_macro   0x00016a44       0x94 ./Drivers/Device_Devices/HD44780_LCD/HD44780_LCD.o
 .debug_macro   0x00016ad8       0x56 ./Drivers/Device_Devices/HD44780_LCD/HD44780_LCD.o
 .debug_macro   0x00016b2e      0x1b2 ./Drivers/STM32F1xx_HAL_Driver/Src/stm32f1xx_hal.o
 .debug_macro   0x00016ce0      0x18e ./Drivers/STM32F1xx_HAL_Driver/Src/stm32f1xx_hal_cortex.o
 .debug_macro   0x00016e6e      0x1f9 ./Drivers/STM32F1xx_HAL_Driver/Src/stm32f1xx_hal_gpio.o
 .debug_macro   0x00017067      0x1dc ./Drivers/STM32F1xx_HAL_Driver/Src/stm32f1xx_hal_i2c.o
 .debug_macro   0x00017243      0x1a0 ./Drivers/STM32F1xx_HAL_Driver/Src/stm32f1xx_hal_rcc.o

.debug_line     0x00000000     0xc352
 .debug_line    0x00000000      0x881 ./Core/Src/Hardware_Interface.o
 .debug_line    0x00000881      0xbf9 ./Core/Src/main.o
 .debug_line    0x0000147a      0x8a2 ./Core/Src/stm32f1xx_hal_msp.o
 .debug_line    0x00001d1c      0x919 ./Core/Src/stm32f1xx_it.o
 .debug_line    0x00002635      0x716 ./Core/Src/sysmem.o
 .debug_line    0x00002d4b      0x8d5 ./Core/Src/system_stm32f1xx.o
 .debug_line    0x00003620       0x78 ./Core/Startup/startup_stm32f103c8tx.o
 .debug_line    0x00003698      0x8a4 ./Drivers/ARM_Drivers/Delay_Micros/dwt_stm32_delay.o
 .debug_line    0x00003f3c      0x6e4 ./Drivers/Device_Devices/ADXL_345_accelerometer/ADXL_345_accelerometer.o
 .debug_line    0x00004620      0xcfd ./Drivers/Device_Devices/HD44780_LCD/HD44780_LCD.o
 .debug_line    0x0000531d      0xb02 ./Drivers/STM32F1xx_HAL_Driver/Src/stm32f1xx_hal.o
 .debug_line    0x00005e1f      0xcee ./Drivers/STM32F1xx_HAL_Driver/Src/stm32f1xx_hal_cortex.o
 .debug_line    0x00006b0d      0xb9b ./Drivers/STM32F1xx_HAL_Driver/Src/stm32f1xx_hal_gpio.o
 .debug_line    0x000076a8     0x3d9f ./Drivers/STM32F1xx_HAL_Driver/Src/stm32f1xx_hal_i2c.o
 .debug_line    0x0000b447      0xf0b ./Drivers/STM32F1xx_HAL_Driver/Src/stm32f1xx_hal_rcc.o

.debug_str      0x00000000    0x826a3
 .debug_str     0x00000000    0x7c75c ./Core/Src/Hardware_Interface.o
                              0x7cb13 (size before relaxing)
 .debug_str     0x0007c75c     0x38cb ./Core/Src/main.o
                              0x803b8 (size before relaxing)
 .debug_str     0x00080027       0xc5 ./Core/Src/stm32f1xx_hal_msp.o
                              0x7cb73 (size before relaxing)
 .debug_str     0x000800ec       0xc9 ./Core/Src/stm32f1xx_it.o
                              0x7c684 (size before relaxing)
 .debug_str     0x000801b5      0x51d ./Core/Src/sysmem.o
                               0x607a (size before relaxing)
 .debug_str     0x000806d2       0x7e ./Core/Src/system_stm32f1xx.o
                              0x7c69a (size before relaxing)
 .debug_str     0x00080750       0x76 ./Core/Startup/startup_stm32f103c8tx.o
 .debug_str     0x000807c6      0x106 ./Drivers/ARM_Drivers/Delay_Micros/dwt_stm32_delay.o
                              0x7c70e (size before relaxing)
 .debug_str     0x000808cc       0x81 ./Drivers/Device_Devices/ADXL_345_accelerometer/ADXL_345_accelerometer.o
                               0x3f2a (size before relaxing)
 .debug_str     0x0008094d      0x420 ./Drivers/Device_Devices/HD44780_LCD/HD44780_LCD.o
                              0x7fef0 (size before relaxing)
 .debug_str     0x00080d6d      0x602 ./Drivers/STM32F1xx_HAL_Driver/Src/stm32f1xx_hal.o
                              0x7cdcd (size before relaxing)
 .debug_str     0x0008136f      0x2b1 ./Drivers/STM32F1xx_HAL_Driver/Src/stm32f1xx_hal_cortex.o
                              0x7cd19 (size before relaxing)
 .debug_str     0x00081620      0x2dd ./Drivers/STM32F1xx_HAL_Driver/Src/stm32f1xx_hal_gpio.o
                              0x7ca20 (size before relaxing)
 .debug_str     0x000818fd      0xbb1 ./Drivers/STM32F1xx_HAL_Driver/Src/stm32f1xx_hal_i2c.o
                              0x7d761 (size before relaxing)
 .debug_str     0x000824ae      0x1f5 ./Drivers/STM32F1xx_HAL_Driver/Src/stm32f1xx_hal_rcc.o
                              0x7cac9 (size before relaxing)

.comment        0x00000000       0x43
 .comment       0x00000000       0x43 ./Core/Src/Hardware_Interface.o
                                 0x44 (size before relaxing)
 .comment       0x00000043       0x44 ./Core/Src/main.o
 .comment       0x00000043       0x44 ./Core/Src/stm32f1xx_hal_msp.o
 .comment       0x00000043       0x44 ./Core/Src/stm32f1xx_it.o
 .comment       0x00000043       0x44 ./Core/Src/sysmem.o
 .comment       0x00000043       0x44 ./Core/Src/system_stm32f1xx.o
 .comment       0x00000043       0x44 ./Drivers/ARM_Drivers/Delay_Micros/dwt_stm32_delay.o
 .comment       0x00000043       0x44 ./Drivers/Device_Devices/ADXL_345_accelerometer/ADXL_345_accelerometer.o
 .comment       0x00000043       0x44 ./Drivers/Device_Devices/HD44780_LCD/HD44780_LCD.o
 .comment       0x00000043       0x44 ./Drivers/STM32F1xx_HAL_Driver/Src/stm32f1xx_hal.o
 .comment       0x00000043       0x44 ./Drivers/STM32F1xx_HAL_Driver/Src/stm32f1xx_hal_cortex.o
 .comment       0x00000043       0x44 ./Drivers/STM32F1xx_HAL_Driver/Src/stm32f1xx_hal_gpio.o
 .comment       0x00000043       0x44 ./Drivers/STM32F1xx_HAL_Driver/Src/stm32f1xx_hal_i2c.o
 .comment       0x00000043       0x44 ./Drivers/STM32F1xx_HAL_Driver/Src/stm32f1xx_hal_rcc.o

.debug_frame    0x00000000     0x2330
 .debug_frame   0x00000000       0x58 ./Core/Src/Hardware_Interface.o
 .debug_frame   0x00000058       0xb0 ./Core/Src/main.o
 .debug_frame   0x00000108       0x80 ./Core/Src/stm32f1xx_hal_msp.o
 .debug_frame   0x00000188      0x104 ./Core/Src/stm32f1xx_it.o
 .debug_frame   0x0000028c       0x34 ./Core/Src/sysmem.o
 .debug_frame   0x000002c0       0x58 ./Core/Src/system_stm32f1xx.o
 .debug_frame   0x00000318       0x30 ./Drivers/ARM_Drivers/Delay_Micros/dwt_stm32_delay.o
 .debug_frame   0x00000348       0x7c ./Drivers/Device_Devices/ADXL_345_accelerometer/ADXL_345_accelerometer.o
 .debug_frame   0x000003c4      0x27c ./Drivers/Device_Devices/HD44780_LCD/HD44780_LCD.o
 .debug_frame   0x00000640      0x334 ./Drivers/STM32F1xx_HAL_Driver/Src/stm32f1xx_hal.o
 .debug_frame   0x00000974      0x428 ./Drivers/STM32F1xx_HAL_Driver/Src/stm32f1xx_hal_cortex.o
 .debug_frame   0x00000d9c      0x14c ./Drivers/STM32F1xx_HAL_Driver/Src/stm32f1xx_hal_gpio.o
 .debug_frame   0x00000ee8      0xc84 ./Drivers/STM32F1xx_HAL_Driver/Src/stm32f1xx_hal_i2c.o
 .debug_frame   0x00001b6c      0x218 ./Drivers/STM32F1xx_HAL_Driver/Src/stm32f1xx_hal_rcc.o
 .debug_frame   0x00001d84      0x144 D:/EMBEDDED MATERIAL/STM32CubeIDE_1.12.1/STM32CubeIDE/plugins/com.st.stm32cube.ide.mcu.externaltools.gnu-tools-for-stm32.12.3.rel1.win32_1.0.200.202406191623/tools/bin/../lib/gcc/arm-none-eabi/12.3.1/../../../../arm-none-eabi/lib/thumb/v7-m/nofp\libc_nano.a(libc_a-findfp.o)
 .debug_frame   0x00001ec8       0x6c D:/EMBEDDED MATERIAL/STM32CubeIDE_1.12.1/STM32CubeIDE/plugins/com.st.stm32cube.ide.mcu.externaltools.gnu-tools-for-stm32.12.3.rel1.win32_1.0.200.202406191623/tools/bin/../lib/gcc/arm-none-eabi/12.3.1/../../../../arm-none-eabi/lib/thumb/v7-m/nofp\libc_nano.a(libc_a-sprintf.o)
 .debug_frame   0x00001f34       0x20 D:/EMBEDDED MATERIAL/STM32CubeIDE_1.12.1/STM32CubeIDE/plugins/com.st.stm32cube.ide.mcu.externaltools.gnu-tools-for-stm32.12.3.rel1.win32_1.0.200.202406191623/tools/bin/../lib/gcc/arm-none-eabi/12.3.1/../../../../arm-none-eabi/lib/thumb/v7-m/nofp\libc_nano.a(libc_a-memset.o)
 .debug_frame   0x00001f54       0x38 D:/EMBEDDED MATERIAL/STM32CubeIDE_1.12.1/STM32CubeIDE/plugins/com.st.stm32cube.ide.mcu.externaltools.gnu-tools-for-stm32.12.3.rel1.win32_1.0.200.202406191623/tools/bin/../lib/gcc/arm-none-eabi/12.3.1/../../../../arm-none-eabi/lib/thumb/v7-m/nofp\libc_nano.a(libc_a-reent.o)
 .debug_frame   0x00001f8c       0x20 D:/EMBEDDED MATERIAL/STM32CubeIDE_1.12.1/STM32CubeIDE/plugins/com.st.stm32cube.ide.mcu.externaltools.gnu-tools-for-stm32.12.3.rel1.win32_1.0.200.202406191623/tools/bin/../lib/gcc/arm-none-eabi/12.3.1/../../../../arm-none-eabi/lib/thumb/v7-m/nofp\libc_nano.a(libc_a-errno.o)
 .debug_frame   0x00001fac       0x2c D:/EMBEDDED MATERIAL/STM32CubeIDE_1.12.1/STM32CubeIDE/plugins/com.st.stm32cube.ide.mcu.externaltools.gnu-tools-for-stm32.12.3.rel1.win32_1.0.200.202406191623/tools/bin/../lib/gcc/arm-none-eabi/12.3.1/../../../../arm-none-eabi/lib/thumb/v7-m/nofp\libc_nano.a(libc_a-init.o)
 .debug_frame   0x00001fd8       0xb0 D:/EMBEDDED MATERIAL/STM32CubeIDE_1.12.1/STM32CubeIDE/plugins/com.st.stm32cube.ide.mcu.externaltools.gnu-tools-for-stm32.12.3.rel1.win32_1.0.200.202406191623/tools/bin/../lib/gcc/arm-none-eabi/12.3.1/../../../../arm-none-eabi/lib/thumb/v7-m/nofp\libc_nano.a(libc_a-lock.o)
 .debug_frame   0x00002088       0x38 D:/EMBEDDED MATERIAL/STM32CubeIDE_1.12.1/STM32CubeIDE/plugins/com.st.stm32cube.ide.mcu.externaltools.gnu-tools-for-stm32.12.3.rel1.win32_1.0.200.202406191623/tools/bin/../lib/gcc/arm-none-eabi/12.3.1/../../../../arm-none-eabi/lib/thumb/v7-m/nofp\libc_nano.a(libc_a-freer.o)
 .debug_frame   0x000020c0       0x50 D:/EMBEDDED MATERIAL/STM32CubeIDE_1.12.1/STM32CubeIDE/plugins/com.st.stm32cube.ide.mcu.externaltools.gnu-tools-for-stm32.12.3.rel1.win32_1.0.200.202406191623/tools/bin/../lib/gcc/arm-none-eabi/12.3.1/../../../../arm-none-eabi/lib/thumb/v7-m/nofp\libc_nano.a(libc_a-mallocr.o)
 .debug_frame   0x00002110       0x30 D:/EMBEDDED MATERIAL/STM32CubeIDE_1.12.1/STM32CubeIDE/plugins/com.st.stm32cube.ide.mcu.externaltools.gnu-tools-for-stm32.12.3.rel1.win32_1.0.200.202406191623/tools/bin/../lib/gcc/arm-none-eabi/12.3.1/../../../../arm-none-eabi/lib/thumb/v7-m/nofp\libc_nano.a(libc_a-mlock.o)
 .debug_frame   0x00002140       0x90 D:/EMBEDDED MATERIAL/STM32CubeIDE_1.12.1/STM32CubeIDE/plugins/com.st.stm32cube.ide.mcu.externaltools.gnu-tools-for-stm32.12.3.rel1.win32_1.0.200.202406191623/tools/bin/../lib/gcc/arm-none-eabi/12.3.1/../../../../arm-none-eabi/lib/thumb/v7-m/nofp\libc_nano.a(libc_a-nano-svfprintf.o)
 .debug_frame   0x000021d0       0x60 D:/EMBEDDED MATERIAL/STM32CubeIDE_1.12.1/STM32CubeIDE/plugins/com.st.stm32cube.ide.mcu.externaltools.gnu-tools-for-stm32.12.3.rel1.win32_1.0.200.202406191623/tools/bin/../lib/gcc/arm-none-eabi/12.3.1/../../../../arm-none-eabi/lib/thumb/v7-m/nofp\libc_nano.a(libc_a-nano-vfprintf_i.o)
 .debug_frame   0x00002230       0x28 D:/EMBEDDED MATERIAL/STM32CubeIDE_1.12.1/STM32CubeIDE/plugins/com.st.stm32cube.ide.mcu.externaltools.gnu-tools-for-stm32.12.3.rel1.win32_1.0.200.202406191623/tools/bin/../lib/gcc/arm-none-eabi/12.3.1/../../../../arm-none-eabi/lib/thumb/v7-m/nofp\libc_nano.a(libc_a-memmove.o)
 .debug_frame   0x00002258       0x2c D:/EMBEDDED MATERIAL/STM32CubeIDE_1.12.1/STM32CubeIDE/plugins/com.st.stm32cube.ide.mcu.externaltools.gnu-tools-for-stm32.12.3.rel1.win32_1.0.200.202406191623/tools/bin/../lib/gcc/arm-none-eabi/12.3.1/../../../../arm-none-eabi/lib/thumb/v7-m/nofp\libc_nano.a(libc_a-sbrkr.o)
 .debug_frame   0x00002284       0x28 D:/EMBEDDED MATERIAL/STM32CubeIDE_1.12.1/STM32CubeIDE/plugins/com.st.stm32cube.ide.mcu.externaltools.gnu-tools-for-stm32.12.3.rel1.win32_1.0.200.202406191623/tools/bin/../lib/gcc/arm-none-eabi/12.3.1/../../../../arm-none-eabi/lib/thumb/v7-m/nofp\libc_nano.a(libc_a-memchr-stub.o)
 .debug_frame   0x000022ac       0x28 D:/EMBEDDED MATERIAL/STM32CubeIDE_1.12.1/STM32CubeIDE/plugins/com.st.stm32cube.ide.mcu.externaltools.gnu-tools-for-stm32.12.3.rel1.win32_1.0.200.202406191623/tools/bin/../lib/gcc/arm-none-eabi/12.3.1/../../../../arm-none-eabi/lib/thumb/v7-m/nofp\libc_nano.a(libc_a-memcpy-stub.o)
 .debug_frame   0x000022d4       0x3c D:/EMBEDDED MATERIAL/STM32CubeIDE_1.12.1/STM32CubeIDE/plugins/com.st.stm32cube.ide.mcu.externaltools.gnu-tools-for-stm32.12.3.rel1.win32_1.0.200.202406191623/tools/bin/../lib/gcc/arm-none-eabi/12.3.1/../../../../arm-none-eabi/lib/thumb/v7-m/nofp\libc_nano.a(libc_a-reallocr.o)
 .debug_frame   0x00002310       0x20 D:/EMBEDDED MATERIAL/STM32CubeIDE_1.12.1/STM32CubeIDE/plugins/com.st.stm32cube.ide.mcu.externaltools.gnu-tools-for-stm32.12.3.rel1.win32_1.0.200.202406191623/tools/bin/../lib/gcc/arm-none-eabi/12.3.1/../../../../arm-none-eabi/lib/thumb/v7-m/nofp\libc_nano.a(libc_a-msizer.o)

.debug_line_str
                0x00000000       0x5a
 .debug_line_str
                0x00000000       0x5a ./Core/Startup/startup_stm32f103c8tx.o
